Component: ARM Compiler 5.06 update 5 (build 528) Tool: armlink [4d35e2]

==============================================================================

Section Cross References

    main.o(i.flash_prog_all) refers to main.o(.data) for .data
    main.o(i.main) refers to rcc.o(i.Init_IWDG) for Init_IWDG
    main.o(i.main) refers to rcc.o(i.Init_RCC) for Init_RCC
    main.o(i.main) refers to gpio.o(i.Init_GPIO) for Init_GPIO
    main.o(i.main) refers to gpio.o(i.Init_SPI) for Init_SPI
    main.o(i.main) refers to can.o(i.Init_CAN) for Init_CAN
    main.o(i.main) refers to timer.o(i.Init_Timer) for Init_Timer
    main.o(i.main) refers to main.o(.data) for .data
    can.o(i.CEC_CAN_IRQHandler) refers to stm32f0xx_can.o(i.CAN_GetITStatus) for CAN_GetITStatus
    can.o(i.CEC_CAN_IRQHandler) refers to stm32f0xx_can.o(i.CAN_ClearITPendingBit) for CAN_ClearITPendingBit
    can.o(i.CEC_CAN_IRQHandler) refers to stm32f0xx_can.o(i.CAN_Receive) for CAN_Receive
    can.o(i.CEC_CAN_IRQHandler) refers to can.o(i.__ARM_common_switch8) for __ARM_common_switch8
    can.o(i.CEC_CAN_IRQHandler) refers to main.o(i.flash_erase) for flash_erase
    can.o(i.CEC_CAN_IRQHandler) refers to main.o(i.flash_prog_all) for flash_prog_all
    can.o(i.CEC_CAN_IRQHandler) refers to can.o(i.roll_inputs) for roll_inputs
    can.o(i.CEC_CAN_IRQHandler) refers to main.o(.data) for can_on
    can.o(i.CEC_CAN_IRQHandler) refers to main.o(.data) for butt_mask
    can.o(i.CEC_CAN_IRQHandler) refers to can.o(.data) for .data
    can.o(i.CEC_CAN_IRQHandler) refers to main.o(.data) for levels
    can.o(i.CEC_CAN_IRQHandler) refers to main.o(.data) for blink
    can.o(i.CEC_CAN_IRQHandler) refers to main.o(.data) for light_buf
    can.o(i.Init_CAN) refers to stm32f0xx_can.o(i.CAN_DeInit) for CAN_DeInit
    can.o(i.Init_CAN) refers to stm32f0xx_can.o(i.CAN_Init) for CAN_Init
    can.o(i.Init_CAN) refers to stm32f0xx_can.o(i.CAN_ITConfig) for CAN_ITConfig
    can.o(i.Init_CAN) refers to stm32f0xx_can.o(i.CAN_FilterInit) for CAN_FilterInit
    can.o(i.Init_CAN) refers to stm32f0xx_misc.o(i.NVIC_Init) for NVIC_Init
    can.o(i.Init_CAN) refers to main.o(.bss) for CAN_InitStructure
    can.o(i.Init_CAN) refers to main.o(.bss) for CAN_FilterInitStructure
    can.o(i.Init_CAN) refers to main.o(.data) for NVIC_InitStructure
    can.o(i.roll_inputs) refers to main.o(.data) for light_mask
    timer.o(i.Init_Timer) refers to stm32f0xx_misc.o(i.NVIC_Init) for NVIC_Init
    timer.o(i.Init_Timer) refers to main.o(.data) for NVIC_InitStructure
    timer.o(i.TIM14_IRQHandler) refers to main.o(.data) for blink
    timer.o(i.TIM14_IRQHandler) refers to main.o(.data) for can_on
    timer.o(i.TIM14_IRQHandler) refers to main.o(.data) for levels
    timer.o(i.TIM16_IRQHandler) refers to stm32f0xx_gpio.o(i.GPIO_ResetBits) for GPIO_ResetBits
    timer.o(i.TIM16_IRQHandler) refers to stm32f0xx_gpio.o(i.GPIO_SetBits) for GPIO_SetBits
    timer.o(i.TIM16_IRQHandler) refers to stm32f0xx_spi.o(i.SPI_I2S_SendData16) for SPI_I2S_SendData16
    timer.o(i.TIM16_IRQHandler) refers to stm32f0xx_spi.o(i.SPI_I2S_GetFlagStatus) for SPI_I2S_GetFlagStatus
    timer.o(i.TIM16_IRQHandler) refers to main.o(.data) for pwm_count
    timer.o(i.TIM16_IRQHandler) refers to main.o(.bss) for b
    timer.o(i.TIM16_IRQHandler) refers to main.o(.data) for light_out
    timer.o(i.TIM16_IRQHandler) refers to main.o(.data) for level
    timer.o(i.TIM17_IRQHandler) refers to stm32f0xx_iwdg.o(i.IWDG_ReloadCounter) for IWDG_ReloadCounter
    timer.o(i.TIM17_IRQHandler) refers to stm32f0xx_can.o(i.CAN_Transmit) for CAN_Transmit
    timer.o(i.TIM17_IRQHandler) refers to stm32f0xx_can.o(i.CAN_GetLastErrorCode) for CAN_GetLastErrorCode
    timer.o(i.TIM17_IRQHandler) refers to main.o(.bss) for b
    timer.o(i.TIM17_IRQHandler) refers to main.o(.data) for light_mask
    timer.o(i.TIM17_IRQHandler) refers to main.o(.data) for levels
    timer.o(i.TIM17_IRQHandler) refers to main.o(.data) for level
    timer.o(i.TIM17_IRQHandler) refers to main.o(.data) for butt
    timer.o(i.TIM17_IRQHandler) refers to timer.o(.data) for .data
    timer.o(i.TIM17_IRQHandler) refers to main.o(.bss) for TxMessage
    gpio.o(i.Init_GPIO) refers to stm32f0xx_gpio.o(i.GPIO_StructInit) for GPIO_StructInit
    gpio.o(i.Init_GPIO) refers to stm32f0xx_gpio.o(i.GPIO_Init) for GPIO_Init
    gpio.o(i.Init_GPIO) refers to stm32f0xx_gpio.o(i.GPIO_PinAFConfig) for GPIO_PinAFConfig
    gpio.o(i.Init_GPIO) refers to main.o(.data) for GPIO_InitStructure
    gpio.o(i.Init_SPI) refers to stm32f0xx_spi.o(i.SPI_Init) for SPI_Init
    gpio.o(i.Init_SPI) refers to stm32f0xx_spi.o(i.SPI_Cmd) for SPI_Cmd
    gpio.o(i.Init_SPI) refers to stm32f0xx_spi.o(i.SPI_NSSInternalSoftwareConfig) for SPI_NSSInternalSoftwareConfig
    rcc.o(i.Init_IWDG) refers to stm32f0xx_iwdg.o(i.IWDG_Enable) for IWDG_Enable
    rcc.o(i.Init_IWDG) refers to stm32f0xx_iwdg.o(i.IWDG_WriteAccessCmd) for IWDG_WriteAccessCmd
    rcc.o(i.Init_IWDG) refers to stm32f0xx_iwdg.o(i.IWDG_SetPrescaler) for IWDG_SetPrescaler
    rcc.o(i.Init_IWDG) refers to stm32f0xx_iwdg.o(i.IWDG_SetReload) for IWDG_SetReload
    rcc.o(i.Init_IWDG) refers to stm32f0xx_iwdg.o(i.IWDG_ReloadCounter) for IWDG_ReloadCounter
    rcc.o(i.Init_RCC) refers to stm32f0xx_rcc.o(i.RCC_AHBPeriphClockCmd) for RCC_AHBPeriphClockCmd
    rcc.o(i.Init_RCC) refers to stm32f0xx_rcc.o(i.RCC_APB1PeriphClockCmd) for RCC_APB1PeriphClockCmd
    rcc.o(i.Init_RCC) refers to stm32f0xx_rcc.o(i.RCC_APB2PeriphClockCmd) for RCC_APB2PeriphClockCmd
    stm32f0xx_can.o(i.CAN_DeInit) refers to stm32f0xx_rcc.o(i.RCC_APB1PeriphResetCmd) for RCC_APB1PeriphResetCmd
    stm32f0xx_can.o(i.CAN_GetITStatus) refers to stm32f0xx_can.o(i.CheckITStatus) for CheckITStatus
    stm32f0xx_gpio.o(i.GPIO_DeInit) refers to stm32f0xx_rcc.o(i.RCC_AHBPeriphResetCmd) for RCC_AHBPeriphResetCmd
    stm32f0xx_rcc.o(i.RCC_GetClocksFreq) refers to aeabi_sdiv.o(.text) for __aeabi_uidivmod
    stm32f0xx_rcc.o(i.RCC_GetClocksFreq) refers to stm32f0xx_rcc.o(.data) for .data
    stm32f0xx_rcc.o(i.RCC_WaitForHSEStartUp) refers to stm32f0xx_rcc.o(i.RCC_GetFlagStatus) for RCC_GetFlagStatus
    stm32f0xx_spi.o(i.I2S_Init) refers to stm32f0xx_rcc.o(i.RCC_GetClocksFreq) for RCC_GetClocksFreq
    stm32f0xx_spi.o(i.I2S_Init) refers to aeabi_sdiv.o(.text) for __aeabi_uidivmod
    stm32f0xx_spi.o(i.SPI_I2S_DeInit) refers to stm32f0xx_rcc.o(i.RCC_APB2PeriphResetCmd) for RCC_APB2PeriphResetCmd
    stm32f0xx_spi.o(i.SPI_I2S_DeInit) refers to stm32f0xx_rcc.o(i.RCC_APB1PeriphResetCmd) for RCC_APB1PeriphResetCmd
    startup_stm32f042x6.o(STACK) refers (Special) to heapauxi.o(.text) for __use_two_region_memory
    startup_stm32f042x6.o(HEAP) refers (Special) to heapauxi.o(.text) for __use_two_region_memory
    startup_stm32f042x6.o(RESET) refers (Special) to heapauxi.o(.text) for __use_two_region_memory
    startup_stm32f042x6.o(RESET) refers to startup_stm32f042x6.o(STACK) for __initial_sp
    startup_stm32f042x6.o(RESET) refers to startup_stm32f042x6.o(.text) for Reset_Handler
    startup_stm32f042x6.o(RESET) refers to timer.o(i.TIM14_IRQHandler) for TIM14_IRQHandler
    startup_stm32f042x6.o(RESET) refers to timer.o(i.TIM16_IRQHandler) for TIM16_IRQHandler
    startup_stm32f042x6.o(RESET) refers to timer.o(i.TIM17_IRQHandler) for TIM17_IRQHandler
    startup_stm32f042x6.o(RESET) refers to can.o(i.CEC_CAN_IRQHandler) for CEC_CAN_IRQHandler
    startup_stm32f042x6.o(.text) refers (Special) to heapauxi.o(.text) for __use_two_region_memory
    startup_stm32f042x6.o(.text) refers to startup_stm32f042x6.o(STACK) for __initial_sp
    startup_stm32f042x6.o(.text) refers to system_stm32f0xx.o(i.SystemInit) for SystemInit
    startup_stm32f042x6.o(.text) refers to __main.o(!!!main) for __main
    startup_stm32f042x6.o(.text) refers to startup_stm32f042x6.o(HEAP) for Heap_Mem
    system_stm32f0xx.o(i.SystemCoreClockUpdate) refers to aeabi_sdiv.o(.text) for __aeabi_uidivmod
    system_stm32f0xx.o(i.SystemCoreClockUpdate) refers to system_stm32f0xx.o(.data) for .data
    system_stm32f0xx.o(i.SystemInit) refers to system_stm32f0xx.o(i.SetSysClock) for SetSysClock
    __main.o(!!!main) refers to __rtentry.o(.ARM.Collect$$rtentry$$00000000) for __rt_entry
    __rtentry.o(.ARM.Collect$$rtentry$$00000000) refers (Special) to __rtentry2.o(.ARM.Collect$$rtentry$$0000000A) for __rt_entry_li
    __rtentry.o(.ARM.Collect$$rtentry$$00000000) refers (Special) to __rtentry2.o(.ARM.Collect$$rtentry$$0000000D) for __rt_entry_main
    __rtentry.o(.ARM.Collect$$rtentry$$00000000) refers (Special) to __rtentry2.o(.ARM.Collect$$rtentry$$0000000C) for __rt_entry_postli_1
    __rtentry.o(.ARM.Collect$$rtentry$$00000000) refers (Special) to __rtentry2.o(.ARM.Collect$$rtentry$$00000009) for __rt_entry_postsh_1
    __rtentry.o(.ARM.Collect$$rtentry$$00000000) refers (Special) to __rtentry2.o(.ARM.Collect$$rtentry$$00000002) for __rt_entry_presh_1
    __rtentry.o(.ARM.Collect$$rtentry$$00000000) refers (Special) to __rtentry4.o(.ARM.Collect$$rtentry$$00000004) for __rt_entry_sh
    aeabi_idiv0_sigfpe.o(.text) refers to rt_div0.o(.text) for __rt_div0
    __rtentry2.o(.ARM.Collect$$rtentry$$00000008) refers to boardinit2.o(.text) for _platform_post_stackheap_init
    __rtentry2.o(.ARM.Collect$$rtentry$$0000000A) refers to libinit.o(.ARM.Collect$$libinit$$00000000) for __rt_lib_init
    __rtentry2.o(.ARM.Collect$$rtentry$$0000000B) refers to boardinit3.o(.text) for _platform_post_lib_init
    __rtentry2.o(.ARM.Collect$$rtentry$$0000000D) refers to main.o(i.main) for main
    __rtentry2.o(.ARM.Collect$$rtentry$$0000000D) refers to exit.o(.text) for exit
    __rtentry2.o(.ARM.exidx) refers to __rtentry2.o(.ARM.Collect$$rtentry$$00000001) for .ARM.Collect$$rtentry$$00000001
    __rtentry2.o(.ARM.exidx) refers to __rtentry2.o(.ARM.Collect$$rtentry$$00000008) for .ARM.Collect$$rtentry$$00000008
    __rtentry2.o(.ARM.exidx) refers to __rtentry2.o(.ARM.Collect$$rtentry$$0000000A) for .ARM.Collect$$rtentry$$0000000A
    __rtentry2.o(.ARM.exidx) refers to __rtentry2.o(.ARM.Collect$$rtentry$$0000000B) for .ARM.Collect$$rtentry$$0000000B
    __rtentry2.o(.ARM.exidx) refers to __rtentry2.o(.ARM.Collect$$rtentry$$0000000D) for .ARM.Collect$$rtentry$$0000000D
    __rtentry4.o(.ARM.Collect$$rtentry$$00000004) refers to sys_stackheap_outer.o(.text) for __user_setup_stackheap
    __rtentry4.o(.ARM.exidx) refers to __rtentry4.o(.ARM.Collect$$rtentry$$00000004) for .ARM.Collect$$rtentry$$00000004
    rt_div0.o(.text) refers to defsig_fpe_outer.o(.text) for __rt_SIGFPE
    sys_stackheap_outer.o(.text) refers to libspace.o(.text) for __user_perproc_libspace
    sys_stackheap_outer.o(.text) refers to startup_stm32f042x6.o(.text) for __user_initial_stackheap
    sys_stackheap_outer.o(__vectab_stack_and_reset_area) refers to tempstk.o(.text) for __temporary_stack_top
    sys_stackheap_outer.o(__vectab_stack_and_reset_area) refers to __main.o(!!!main) for __main
    exit.o(.text) refers to rtexit.o(.ARM.Collect$$rtexit$$00000000) for __rt_exit
    defsig_fpe_outer.o(.text) refers to defsig_fpe_inner.o(.text) for __rt_SIGFPE_inner
    defsig_fpe_outer.o(.text) refers to defsig_exit.o(.text) for __sig_exit
    defsig_fpe_formal.o(.text) refers to rt_raise.o(.text) for __rt_raise
    libinit.o(.ARM.Collect$$libinit$$00000000) refers (Special) to libinit2.o(.ARM.Collect$$libinit$$0000002E) for __rt_lib_init_alloca_1
    libinit.o(.ARM.Collect$$libinit$$00000000) refers (Special) to libinit2.o(.ARM.Collect$$libinit$$0000002C) for __rt_lib_init_argv_1
    libinit.o(.ARM.Collect$$libinit$$00000000) refers (Special) to libinit2.o(.ARM.Collect$$libinit$$0000001B) for __rt_lib_init_atexit_1
    libinit.o(.ARM.Collect$$libinit$$00000000) refers (Special) to libinit2.o(.ARM.Collect$$libinit$$00000021) for __rt_lib_init_clock_1
    libinit.o(.ARM.Collect$$libinit$$00000000) refers (Special) to libinit2.o(.ARM.Collect$$libinit$$00000032) for __rt_lib_init_cpp_1
    libinit.o(.ARM.Collect$$libinit$$00000000) refers (Special) to libinit2.o(.ARM.Collect$$libinit$$00000030) for __rt_lib_init_exceptions_1
    libinit.o(.ARM.Collect$$libinit$$00000000) refers (Special) to libinit2.o(.ARM.Collect$$libinit$$00000002) for __rt_lib_init_fp_1
    libinit.o(.ARM.Collect$$libinit$$00000000) refers (Special) to libinit2.o(.ARM.Collect$$libinit$$0000001F) for __rt_lib_init_fp_trap_1
    libinit.o(.ARM.Collect$$libinit$$00000000) refers (Special) to libinit2.o(.ARM.Collect$$libinit$$00000023) for __rt_lib_init_getenv_1
    libinit.o(.ARM.Collect$$libinit$$00000000) refers (Special) to libinit2.o(.ARM.Collect$$libinit$$0000000A) for __rt_lib_init_heap_1
    libinit.o(.ARM.Collect$$libinit$$00000000) refers (Special) to libinit2.o(.ARM.Collect$$libinit$$00000011) for __rt_lib_init_lc_collate_1
    libinit.o(.ARM.Collect$$libinit$$00000000) refers (Special) to libinit2.o(.ARM.Collect$$libinit$$00000013) for __rt_lib_init_lc_ctype_1
    libinit.o(.ARM.Collect$$libinit$$00000000) refers (Special) to libinit2.o(.ARM.Collect$$libinit$$00000015) for __rt_lib_init_lc_monetary_1
    libinit.o(.ARM.Collect$$libinit$$00000000) refers (Special) to libinit2.o(.ARM.Collect$$libinit$$00000017) for __rt_lib_init_lc_numeric_1
    libinit.o(.ARM.Collect$$libinit$$00000000) refers (Special) to libinit2.o(.ARM.Collect$$libinit$$00000019) for __rt_lib_init_lc_time_1
    libinit.o(.ARM.Collect$$libinit$$00000000) refers (Special) to libinit2.o(.ARM.Collect$$libinit$$00000004) for __rt_lib_init_preinit_1
    libinit.o(.ARM.Collect$$libinit$$00000000) refers (Special) to libinit2.o(.ARM.Collect$$libinit$$0000000E) for __rt_lib_init_rand_1
    libinit.o(.ARM.Collect$$libinit$$00000000) refers (Special) to libinit2.o(.ARM.Collect$$libinit$$00000033) for __rt_lib_init_return
    libinit.o(.ARM.Collect$$libinit$$00000000) refers (Special) to libinit2.o(.ARM.Collect$$libinit$$0000001D) for __rt_lib_init_signal_1
    libinit.o(.ARM.Collect$$libinit$$00000000) refers (Special) to libinit2.o(.ARM.Collect$$libinit$$00000025) for __rt_lib_init_stdio_1
    libinit.o(.ARM.Collect$$libinit$$00000000) refers (Special) to libinit2.o(.ARM.Collect$$libinit$$0000000C) for __rt_lib_init_user_alloc_1
    libspace.o(.text) refers to libspace.o(.bss) for __libspace_start
    rtexit.o(.ARM.Collect$$rtexit$$00000000) refers (Special) to rtexit2.o(.ARM.Collect$$rtexit$$00000004) for __rt_exit_exit
    rtexit.o(.ARM.Collect$$rtexit$$00000000) refers (Special) to rtexit2.o(.ARM.Collect$$rtexit$$00000003) for __rt_exit_ls
    rtexit.o(.ARM.Collect$$rtexit$$00000000) refers (Special) to rtexit2.o(.ARM.Collect$$rtexit$$00000002) for __rt_exit_prels_1
    rtexit.o(.ARM.exidx) refers (Special) to rtexit2.o(.ARM.Collect$$rtexit$$00000004) for __rt_exit_exit
    rtexit.o(.ARM.exidx) refers (Special) to rtexit2.o(.ARM.Collect$$rtexit$$00000003) for __rt_exit_ls
    rtexit.o(.ARM.exidx) refers (Special) to rtexit2.o(.ARM.Collect$$rtexit$$00000002) for __rt_exit_prels_1
    rtexit.o(.ARM.exidx) refers to rtexit.o(.ARM.Collect$$rtexit$$00000000) for .ARM.Collect$$rtexit$$00000000
    rt_raise.o(.text) refers to __raise.o(.text) for __raise
    rt_raise.o(.text) refers to sys_exit.o(.text) for _sys_exit
    defsig_exit.o(.text) refers to sys_exit.o(.text) for _sys_exit
    defsig_fpe_inner.o(.text) refers to defsig_general.o(.text) for __default_signal_display
    libinit2.o(.ARM.Collect$$libinit$$00000010) refers to libinit2.o(.ARM.Collect$$libinit$$0000000F) for .ARM.Collect$$libinit$$0000000F
    libinit2.o(.ARM.Collect$$libinit$$00000012) refers to libinit2.o(.ARM.Collect$$libinit$$0000000F) for .ARM.Collect$$libinit$$0000000F
    libinit2.o(.ARM.Collect$$libinit$$00000014) refers to libinit2.o(.ARM.Collect$$libinit$$0000000F) for .ARM.Collect$$libinit$$0000000F
    libinit2.o(.ARM.Collect$$libinit$$00000016) refers to libinit2.o(.ARM.Collect$$libinit$$0000000F) for .ARM.Collect$$libinit$$0000000F
    libinit2.o(.ARM.Collect$$libinit$$00000018) refers to libinit2.o(.ARM.Collect$$libinit$$0000000F) for .ARM.Collect$$libinit$$0000000F
    libinit2.o(.ARM.Collect$$libinit$$00000026) refers to argv_veneer.o(.text) for __ARM_argv_veneer
    libinit2.o(.ARM.Collect$$libinit$$00000027) refers to argv_veneer.o(.text) for __ARM_argv_veneer
    sys_exit.o(.text) refers (Special) to use_no_semi.o(.text) for __I$use$semihosting
    sys_exit.o(.text) refers (Special) to indicate_semi.o(.text) for __semihosting_library_function
    rtexit2.o(.ARM.Collect$$rtexit$$00000003) refers to libshutdown.o(.ARM.Collect$$libshutdown$$00000000) for __rt_lib_shutdown
    rtexit2.o(.ARM.Collect$$rtexit$$00000004) refers to sys_exit.o(.text) for _sys_exit
    rtexit2.o(.ARM.exidx) refers to rtexit2.o(.ARM.Collect$$rtexit$$00000001) for .ARM.Collect$$rtexit$$00000001
    rtexit2.o(.ARM.exidx) refers to rtexit2.o(.ARM.Collect$$rtexit$$00000003) for .ARM.Collect$$rtexit$$00000003
    rtexit2.o(.ARM.exidx) refers to rtexit2.o(.ARM.Collect$$rtexit$$00000004) for .ARM.Collect$$rtexit$$00000004
    __raise.o(.text) refers to defsig.o(CL$$defsig) for __default_signal_handler
    defsig_general.o(.text) refers to sys_wrch.o(.text) for _ttywrch
    sys_wrch.o(.text) refers (Special) to use_no_semi.o(.text) for __I$use$semihosting
    sys_wrch.o(.text) refers (Special) to indicate_semi.o(.text) for __semihosting_library_function
    defsig.o(CL$$defsig) refers to defsig_fpe_inner.o(.text) for __rt_SIGFPE_inner
    defsig.o(CL$$defsig) refers to defsig_rtmem_inner.o(.text) for __rt_SIGRTMEM_inner
    _get_argv_nomalloc.o(.text) refers (Special) to hrguard.o(.text) for __heap_region$guard
    _get_argv_nomalloc.o(.text) refers to defsig_rtmem_outer.o(.text) for __rt_SIGRTMEM
    _get_argv_nomalloc.o(.text) refers to sys_command.o(.text) for _sys_command_string
    libshutdown.o(.ARM.Collect$$libshutdown$$00000000) refers (Special) to libshutdown2.o(.ARM.Collect$$libshutdown$$00000002) for __rt_lib_shutdown_cpp_1
    libshutdown.o(.ARM.Collect$$libshutdown$$00000000) refers (Special) to libshutdown2.o(.ARM.Collect$$libshutdown$$00000007) for __rt_lib_shutdown_fp_trap_1
    libshutdown.o(.ARM.Collect$$libshutdown$$00000000) refers (Special) to libshutdown2.o(.ARM.Collect$$libshutdown$$0000000F) for __rt_lib_shutdown_heap_1
    libshutdown.o(.ARM.Collect$$libshutdown$$00000000) refers (Special) to libshutdown2.o(.ARM.Collect$$libshutdown$$00000010) for __rt_lib_shutdown_return
    libshutdown.o(.ARM.Collect$$libshutdown$$00000000) refers (Special) to libshutdown2.o(.ARM.Collect$$libshutdown$$0000000A) for __rt_lib_shutdown_signal_1
    libshutdown.o(.ARM.Collect$$libshutdown$$00000000) refers (Special) to libshutdown2.o(.ARM.Collect$$libshutdown$$00000004) for __rt_lib_shutdown_stdio_1
    libshutdown.o(.ARM.Collect$$libshutdown$$00000000) refers (Special) to libshutdown2.o(.ARM.Collect$$libshutdown$$0000000C) for __rt_lib_shutdown_user_alloc_1
    sys_command.o(.text) refers (Special) to use_no_semi.o(.text) for __I$use$semihosting
    sys_command.o(.text) refers (Special) to indicate_semi.o(.text) for __semihosting_library_function
    defsig_abrt_inner.o(.text) refers to defsig_general.o(.text) for __default_signal_display
    defsig_rtred_inner.o(.text) refers to defsig_general.o(.text) for __default_signal_display
    defsig_rtmem_inner.o(.text) refers to defsig_general.o(.text) for __default_signal_display
    defsig_rtmem_outer.o(.text) refers to defsig_rtmem_inner.o(.text) for __rt_SIGRTMEM_inner
    defsig_rtmem_outer.o(.text) refers to defsig_exit.o(.text) for __sig_exit
    defsig_rtmem_formal.o(.text) refers to rt_raise.o(.text) for __rt_raise
    defsig_stak_inner.o(.text) refers to defsig_general.o(.text) for __default_signal_display
    defsig_pvfn_inner.o(.text) refers to defsig_general.o(.text) for __default_signal_display
    defsig_cppl_inner.o(.text) refers to defsig_general.o(.text) for __default_signal_display
    defsig_segv_inner.o(.text) refers to defsig_general.o(.text) for __default_signal_display
    defsig_other.o(.text) refers to defsig_general.o(.text) for __default_signal_display


==============================================================================

Removing Unused input sections from the image.

    Removing main.o(.rev16_text), (4 bytes).
    Removing main.o(.revsh_text), (4 bytes).
    Removing main.o(.bss), (10 bytes).
    Removing main.o(.bss), (18 bytes).
    Removing main.o(.data), (1 bytes).
    Removing main.o(.data), (1 bytes).
    Removing main.o(.data), (1 bytes).
    Removing main.o(.data), (1 bytes).
    Removing can.o(.rev16_text), (4 bytes).
    Removing can.o(.revsh_text), (4 bytes).
    Removing timer.o(.rev16_text), (4 bytes).
    Removing timer.o(.revsh_text), (4 bytes).
    Removing timer.o(i.delay_ms), (56 bytes).
    Removing gpio.o(.rev16_text), (4 bytes).
    Removing gpio.o(.revsh_text), (4 bytes).
    Removing rcc.o(.rev16_text), (4 bytes).
    Removing rcc.o(.revsh_text), (4 bytes).
    Removing stm32f0xx_can.o(.rev16_text), (4 bytes).
    Removing stm32f0xx_can.o(.revsh_text), (4 bytes).
    Removing stm32f0xx_can.o(i.CAN_CancelTransmit), (46 bytes).
    Removing stm32f0xx_can.o(i.CAN_ClearFlag), (48 bytes).
    Removing stm32f0xx_can.o(i.CAN_DBGFreeze), (24 bytes).
    Removing stm32f0xx_can.o(i.CAN_FIFORelease), (22 bytes).
    Removing stm32f0xx_can.o(i.CAN_GetFlagStatus), (82 bytes).
    Removing stm32f0xx_can.o(i.CAN_GetLSBTransmitErrorCounter), (8 bytes).
    Removing stm32f0xx_can.o(i.CAN_GetReceiveErrorCounter), (6 bytes).
    Removing stm32f0xx_can.o(i.CAN_MessagePending), (28 bytes).
    Removing stm32f0xx_can.o(i.CAN_OperatingModeRequest), (156 bytes).
    Removing stm32f0xx_can.o(i.CAN_SlaveStartBank), (44 bytes).
    Removing stm32f0xx_can.o(i.CAN_Sleep), (30 bytes).
    Removing stm32f0xx_can.o(i.CAN_StructInit), (32 bytes).
    Removing stm32f0xx_can.o(i.CAN_TTComModeCmd), (68 bytes).
    Removing stm32f0xx_can.o(i.CAN_TransmitStatus), (144 bytes).
    Removing stm32f0xx_can.o(i.CAN_WakeUp), (44 bytes).
    Removing stm32f0xx_gpio.o(.rev16_text), (4 bytes).
    Removing stm32f0xx_gpio.o(.revsh_text), (4 bytes).
    Removing stm32f0xx_gpio.o(i.GPIO_DeInit), (180 bytes).
    Removing stm32f0xx_gpio.o(i.GPIO_PinLockConfig), (28 bytes).
    Removing stm32f0xx_gpio.o(i.GPIO_ReadInputData), (4 bytes).
    Removing stm32f0xx_gpio.o(i.GPIO_ReadInputDataBit), (14 bytes).
    Removing stm32f0xx_gpio.o(i.GPIO_ReadOutputData), (4 bytes).
    Removing stm32f0xx_gpio.o(i.GPIO_ReadOutputDataBit), (14 bytes).
    Removing stm32f0xx_gpio.o(i.GPIO_Write), (4 bytes).
    Removing stm32f0xx_gpio.o(i.GPIO_WriteBit), (12 bytes).
    Removing stm32f0xx_iwdg.o(.rev16_text), (4 bytes).
    Removing stm32f0xx_iwdg.o(.revsh_text), (4 bytes).
    Removing stm32f0xx_iwdg.o(i.IWDG_GetFlagStatus), (20 bytes).
    Removing stm32f0xx_iwdg.o(i.IWDG_SetWindowValue), (12 bytes).
    Removing stm32f0xx_misc.o(.rev16_text), (4 bytes).
    Removing stm32f0xx_misc.o(.revsh_text), (4 bytes).
    Removing stm32f0xx_misc.o(i.NVIC_SystemLPConfig), (28 bytes).
    Removing stm32f0xx_misc.o(i.SysTick_CLKSourceConfig), (28 bytes).
    Removing stm32f0xx_rcc.o(.rev16_text), (4 bytes).
    Removing stm32f0xx_rcc.o(.revsh_text), (4 bytes).
    Removing stm32f0xx_rcc.o(i.RCC_ADCCLKConfig), (44 bytes).
    Removing stm32f0xx_rcc.o(i.RCC_AHBPeriphResetCmd), (28 bytes).
    Removing stm32f0xx_rcc.o(i.RCC_APB2PeriphResetCmd), (28 bytes).
    Removing stm32f0xx_rcc.o(i.RCC_AdjustHSI14CalibrationValue), (20 bytes).
    Removing stm32f0xx_rcc.o(i.RCC_AdjustHSICalibrationValue), (20 bytes).
    Removing stm32f0xx_rcc.o(i.RCC_BackupResetCmd), (32 bytes).
    Removing stm32f0xx_rcc.o(i.RCC_CECCLKConfig), (24 bytes).
    Removing stm32f0xx_rcc.o(i.RCC_ClearFlag), (20 bytes).
    Removing stm32f0xx_rcc.o(i.RCC_ClearITPendingBit), (12 bytes).
    Removing stm32f0xx_rcc.o(i.RCC_ClockSecuritySystemCmd), (32 bytes).
    Removing stm32f0xx_rcc.o(i.RCC_DeInit), (92 bytes).
    Removing stm32f0xx_rcc.o(i.RCC_GetClocksFreq), (404 bytes).
    Removing stm32f0xx_rcc.o(i.RCC_GetFlagStatus), (56 bytes).
    Removing stm32f0xx_rcc.o(i.RCC_GetITStatus), (20 bytes).
    Removing stm32f0xx_rcc.o(i.RCC_GetSYSCLKSource), (16 bytes).
    Removing stm32f0xx_rcc.o(i.RCC_HCLKConfig), (20 bytes).
    Removing stm32f0xx_rcc.o(i.RCC_HSEConfig), (16 bytes).
    Removing stm32f0xx_rcc.o(i.RCC_HSI14ADCRequestCmd), (28 bytes).
    Removing stm32f0xx_rcc.o(i.RCC_HSI14Cmd), (32 bytes).
    Removing stm32f0xx_rcc.o(i.RCC_HSI48Cmd), (32 bytes).
    Removing stm32f0xx_rcc.o(i.RCC_HSICmd), (32 bytes).
    Removing stm32f0xx_rcc.o(i.RCC_I2CCLKConfig), (24 bytes).
    Removing stm32f0xx_rcc.o(i.RCC_ITConfig), (28 bytes).
    Removing stm32f0xx_rcc.o(i.RCC_LSEConfig), (32 bytes).
    Removing stm32f0xx_rcc.o(i.RCC_LSEDriveConfig), (24 bytes).
    Removing stm32f0xx_rcc.o(i.RCC_LSICmd), (32 bytes).
    Removing stm32f0xx_rcc.o(i.RCC_MCOConfig), (24 bytes).
    Removing stm32f0xx_rcc.o(i.RCC_PCLKConfig), (20 bytes).
    Removing stm32f0xx_rcc.o(i.RCC_PLLCmd), (32 bytes).
    Removing stm32f0xx_rcc.o(i.RCC_PLLConfig), (28 bytes).
    Removing stm32f0xx_rcc.o(i.RCC_PREDIV1Config), (20 bytes).
    Removing stm32f0xx_rcc.o(i.RCC_RTCCLKCmd), (32 bytes).
    Removing stm32f0xx_rcc.o(i.RCC_RTCCLKConfig), (16 bytes).
    Removing stm32f0xx_rcc.o(i.RCC_SYSCLKConfig), (20 bytes).
    Removing stm32f0xx_rcc.o(i.RCC_USARTCLKConfig), (56 bytes).
    Removing stm32f0xx_rcc.o(i.RCC_USBCLKConfig), (24 bytes).
    Removing stm32f0xx_rcc.o(i.RCC_WaitForHSEStartUp), (50 bytes).
    Removing stm32f0xx_rcc.o(.data), (16 bytes).
    Removing stm32f0xx_spi.o(.rev16_text), (4 bytes).
    Removing stm32f0xx_spi.o(.revsh_text), (4 bytes).
    Removing stm32f0xx_spi.o(i.I2S_Cmd), (32 bytes).
    Removing stm32f0xx_spi.o(i.I2S_Init), (168 bytes).
    Removing stm32f0xx_spi.o(i.I2S_StructInit), (18 bytes).
    Removing stm32f0xx_spi.o(i.SPI_BiDirectionalLineConfig), (32 bytes).
    Removing stm32f0xx_spi.o(i.SPI_CRCLengthConfig), (20 bytes).
    Removing stm32f0xx_spi.o(i.SPI_CalculateCRC), (32 bytes).
    Removing stm32f0xx_spi.o(i.SPI_DataSizeConfig), (16 bytes).
    Removing stm32f0xx_spi.o(i.SPI_GetCRC), (12 bytes).
    Removing stm32f0xx_spi.o(i.SPI_GetCRCPolynomial), (4 bytes).
    Removing stm32f0xx_spi.o(i.SPI_GetReceptionFIFOStatus), (10 bytes).
    Removing stm32f0xx_spi.o(i.SPI_GetTransmissionFIFOStatus), (10 bytes).
    Removing stm32f0xx_spi.o(i.SPI_I2S_ClearFlag), (6 bytes).
    Removing stm32f0xx_spi.o(i.SPI_I2S_DMACmd), (20 bytes).
    Removing stm32f0xx_spi.o(i.SPI_I2S_DeInit), (64 bytes).
    Removing stm32f0xx_spi.o(i.SPI_I2S_GetITStatus), (42 bytes).
    Removing stm32f0xx_spi.o(i.SPI_I2S_ITConfig), (28 bytes).
    Removing stm32f0xx_spi.o(i.SPI_I2S_ReceiveData16), (4 bytes).
    Removing stm32f0xx_spi.o(i.SPI_LastDMATransferCmd), (20 bytes).
    Removing stm32f0xx_spi.o(i.SPI_NSSPulseModeCmd), (22 bytes).
    Removing stm32f0xx_spi.o(i.SPI_ReceiveData8), (4 bytes).
    Removing stm32f0xx_spi.o(i.SPI_RxFIFOThresholdConfig), (20 bytes).
    Removing stm32f0xx_spi.o(i.SPI_SSOutputCmd), (22 bytes).
    Removing stm32f0xx_spi.o(i.SPI_SendData8), (4 bytes).
    Removing stm32f0xx_spi.o(i.SPI_StructInit), (28 bytes).
    Removing stm32f0xx_spi.o(i.SPI_TIModeCmd), (22 bytes).
    Removing stm32f0xx_spi.o(i.SPI_TransmitCRC), (12 bytes).
    Removing system_stm32f0xx.o(.rev16_text), (4 bytes).
    Removing system_stm32f0xx.o(.revsh_text), (4 bytes).
    Removing system_stm32f0xx.o(i.SystemCoreClockUpdate), (124 bytes).
    Removing system_stm32f0xx.o(.data), (20 bytes).

124 unused section(s) (total 3616 bytes) removed from the image.

==============================================================================

Image Symbol Table

    Local Symbols

    Symbol Name                              Value     Ov Type        Size  Object(Section)

    ../clib/angel/boardlib.s                 0x00000000   Number         0  boardinit3.o ABSOLUTE
    ../clib/angel/boardlib.s                 0x00000000   Number         0  boardinit1.o ABSOLUTE
    ../clib/angel/boardlib.s                 0x00000000   Number         0  boardinit2.o ABSOLUTE
    ../clib/angel/boardlib.s                 0x00000000   Number         0  boardshut.o ABSOLUTE
    ../clib/angel/handlers.s                 0x00000000   Number         0  __scatter_zi.o ABSOLUTE
    ../clib/angel/handlers.s                 0x00000000   Number         0  __scatter_copy.o ABSOLUTE
    ../clib/angel/kernel.s                   0x00000000   Number         0  __rtentry4.o ABSOLUTE
    ../clib/angel/kernel.s                   0x00000000   Number         0  __rtentry2.o ABSOLUTE
    ../clib/angel/kernel.s                   0x00000000   Number         0  rtexit.o ABSOLUTE
    ../clib/angel/kernel.s                   0x00000000   Number         0  rtexit2.o ABSOLUTE
    ../clib/angel/kernel.s                   0x00000000   Number         0  __rtentry.o ABSOLUTE
    ../clib/angel/rt.s                       0x00000000   Number         0  rt_div0.o ABSOLUTE
    ../clib/angel/rt.s                       0x00000000   Number         0  aeabi_idiv0.o ABSOLUTE
    ../clib/angel/rt.s                       0x00000000   Number         0  aeabi_idiv0_sigfpe.o ABSOLUTE
    ../clib/angel/rt.s                       0x00000000   Number         0  rt_raise.o ABSOLUTE
    ../clib/angel/scatterp.s                 0x00000000   Number         0  __scatter.o ABSOLUTE
    ../clib/angel/startup.s                  0x00000000   Number         0  __main.o ABSOLUTE
    ../clib/angel/sys.s                      0x00000000   Number         0  sys_stackheap_outer.o ABSOLUTE
    ../clib/angel/sys.s                      0x00000000   Number         0  use_no_semi.o ABSOLUTE
    ../clib/angel/sys.s                      0x00000000   Number         0  tempstk.o ABSOLUTE
    ../clib/angel/sys.s                      0x00000000   Number         0  libspace.o ABSOLUTE
    ../clib/angel/sys.s                      0x00000000   Number         0  indicate_semi.o ABSOLUTE
    ../clib/angel/sysapp.c                   0x00000000   Number         0  sys_wrch.o ABSOLUTE
    ../clib/angel/sysapp.c                   0x00000000   Number         0  sys_exit.o ABSOLUTE
    ../clib/angel/sysapp.c                   0x00000000   Number         0  sys_command.o ABSOLUTE
    ../clib/armsys.c                         0x00000000   Number         0  _get_argv_nomalloc.o ABSOLUTE
    ../clib/armsys.c                         0x00000000   Number         0  argv_veneer.o ABSOLUTE
    ../clib/armsys.c                         0x00000000   Number         0  no_argv.o ABSOLUTE
    ../clib/division.s                       0x00000000   Number         0  aeabi_sdiv.o ABSOLUTE
    ../clib/division.s                       0x00000000   Number         0  aeabi_sdiv_div0.o ABSOLUTE
    ../clib/heapalloc.c                      0x00000000   Number         0  hrguard.o ABSOLUTE
    ../clib/heapaux.c                        0x00000000   Number         0  heapauxi.o ABSOLUTE
    ../clib/libinit.s                        0x00000000   Number         0  libshutdown2.o ABSOLUTE
    ../clib/libinit.s                        0x00000000   Number         0  libshutdown.o ABSOLUTE
    ../clib/libinit.s                        0x00000000   Number         0  libinit.o ABSOLUTE
    ../clib/libinit.s                        0x00000000   Number         0  libinit2.o ABSOLUTE
    ../clib/signal.c                         0x00000000   Number         0  defsig_other.o ABSOLUTE
    ../clib/signal.c                         0x00000000   Number         0  defsig_fpe_formal.o ABSOLUTE
    ../clib/signal.c                         0x00000000   Number         0  defsig_abrt_inner.o ABSOLUTE
    ../clib/signal.c                         0x00000000   Number         0  defsig_fpe_outer.o ABSOLUTE
    ../clib/signal.c                         0x00000000   Number         0  defsig_general.o ABSOLUTE
    ../clib/signal.c                         0x00000000   Number         0  __raise.o ABSOLUTE
    ../clib/signal.c                         0x00000000   Number         0  defsig_rtred_inner.o ABSOLUTE
    ../clib/signal.c                         0x00000000   Number         0  defsig_rtmem_inner.o ABSOLUTE
    ../clib/signal.c                         0x00000000   Number         0  defsig_rtmem_outer.o ABSOLUTE
    ../clib/signal.c                         0x00000000   Number         0  defsig_rtmem_formal.o ABSOLUTE
    ../clib/signal.c                         0x00000000   Number         0  defsig_stak_inner.o ABSOLUTE
    ../clib/signal.c                         0x00000000   Number         0  defsig_fpe_inner.o ABSOLUTE
    ../clib/signal.c                         0x00000000   Number         0  defsig_pvfn_inner.o ABSOLUTE
    ../clib/signal.c                         0x00000000   Number         0  defsig_cppl_inner.o ABSOLUTE
    ../clib/signal.c                         0x00000000   Number         0  defsig_segv_inner.o ABSOLUTE
    ../clib/signal.c                         0x00000000   Number         0  defsig_exit.o ABSOLUTE
    ../clib/signal.s                         0x00000000   Number         0  defsig.o ABSOLUTE
    ../clib/stdlib.c                         0x00000000   Number         0  exit.o ABSOLUTE
    ../fplib/cfplib/fpinit.c                 0x00000000   Number         0  fpinit.o ABSOLUTE
    RTE\Device\STM32F042K6\startup_stm32f042x6.s 0x00000000   Number         0  startup_stm32f042x6.o ABSOLUTE
    RTE\Device\STM32F042K6\system_stm32f0xx.c 0x00000000   Number         0  system_stm32f0xx.o ABSOLUTE
    RTE\\Device\\STM32F042K6\\system_stm32f0xx.c 0x00000000   Number         0  system_stm32f0xx.o ABSOLUTE
    dc.s                                     0x00000000   Number         0  dc.o ABSOLUTE
    files\CAN.c                              0x00000000   Number         0  can.o ABSOLUTE
    files\GPIO.c                             0x00000000   Number         0  gpio.o ABSOLUTE
    files\\CAN.c                             0x00000000   Number         0  can.o ABSOLUTE
    files\\GPIO.c                            0x00000000   Number         0  gpio.o ABSOLUTE
    files\\main.c                            0x00000000   Number         0  main.o ABSOLUTE
    files\\rcc.c                             0x00000000   Number         0  rcc.o ABSOLUTE
    files\\timer.c                           0x00000000   Number         0  timer.o ABSOLUTE
    files\main.c                             0x00000000   Number         0  main.o ABSOLUTE
    files\rcc.c                              0x00000000   Number         0  rcc.o ABSOLUTE
    files\timer.c                            0x00000000   Number         0  timer.o ABSOLUTE
    src\\stm32f0xx_can.c                     0x00000000   Number         0  stm32f0xx_can.o ABSOLUTE
    src\\stm32f0xx_gpio.c                    0x00000000   Number         0  stm32f0xx_gpio.o ABSOLUTE
    src\\stm32f0xx_iwdg.c                    0x00000000   Number         0  stm32f0xx_iwdg.o ABSOLUTE
    src\\stm32f0xx_misc.c                    0x00000000   Number         0  stm32f0xx_misc.o ABSOLUTE
    src\\stm32f0xx_rcc.c                     0x00000000   Number         0  stm32f0xx_rcc.o ABSOLUTE
    src\\stm32f0xx_spi.c                     0x00000000   Number         0  stm32f0xx_spi.o ABSOLUTE
    src\stm32f0xx_can.c                      0x00000000   Number         0  stm32f0xx_can.o ABSOLUTE
    src\stm32f0xx_gpio.c                     0x00000000   Number         0  stm32f0xx_gpio.o ABSOLUTE
    src\stm32f0xx_iwdg.c                     0x00000000   Number         0  stm32f0xx_iwdg.o ABSOLUTE
    src\stm32f0xx_misc.c                     0x00000000   Number         0  stm32f0xx_misc.o ABSOLUTE
    src\stm32f0xx_rcc.c                      0x00000000   Number         0  stm32f0xx_rcc.o ABSOLUTE
    src\stm32f0xx_spi.c                      0x00000000   Number         0  stm32f0xx_spi.o ABSOLUTE
    RESET                                    0x08000000   Section      192  startup_stm32f042x6.o(RESET)
    !!!main                                  0x080000c0   Section        8  __main.o(!!!main)
    !!!scatter                               0x080000c8   Section       60  __scatter.o(!!!scatter)
    !!handler_copy                           0x08000104   Section       26  __scatter_copy.o(!!handler_copy)
    !!handler_zi                             0x08000120   Section       28  __scatter_zi.o(!!handler_zi)
    .ARM.Collect$$libinit$$00000000          0x0800013c   Section        2  libinit.o(.ARM.Collect$$libinit$$00000000)
    .ARM.Collect$$libinit$$00000002          0x0800013e   Section        0  libinit2.o(.ARM.Collect$$libinit$$00000002)
    .ARM.Collect$$libinit$$00000004          0x0800013e   Section        0  libinit2.o(.ARM.Collect$$libinit$$00000004)
    .ARM.Collect$$libinit$$0000000A          0x0800013e   Section        0  libinit2.o(.ARM.Collect$$libinit$$0000000A)
    .ARM.Collect$$libinit$$0000000C          0x0800013e   Section        0  libinit2.o(.ARM.Collect$$libinit$$0000000C)
    .ARM.Collect$$libinit$$0000000E          0x0800013e   Section        0  libinit2.o(.ARM.Collect$$libinit$$0000000E)
    .ARM.Collect$$libinit$$00000011          0x0800013e   Section        0  libinit2.o(.ARM.Collect$$libinit$$00000011)
    .ARM.Collect$$libinit$$00000013          0x0800013e   Section        0  libinit2.o(.ARM.Collect$$libinit$$00000013)
    .ARM.Collect$$libinit$$00000015          0x0800013e   Section        0  libinit2.o(.ARM.Collect$$libinit$$00000015)
    .ARM.Collect$$libinit$$00000017          0x0800013e   Section        0  libinit2.o(.ARM.Collect$$libinit$$00000017)
    .ARM.Collect$$libinit$$00000019          0x0800013e   Section        0  libinit2.o(.ARM.Collect$$libinit$$00000019)
    .ARM.Collect$$libinit$$0000001B          0x0800013e   Section        0  libinit2.o(.ARM.Collect$$libinit$$0000001B)
    .ARM.Collect$$libinit$$0000001D          0x0800013e   Section        0  libinit2.o(.ARM.Collect$$libinit$$0000001D)
    .ARM.Collect$$libinit$$0000001F          0x0800013e   Section        0  libinit2.o(.ARM.Collect$$libinit$$0000001F)
    .ARM.Collect$$libinit$$00000021          0x0800013e   Section        0  libinit2.o(.ARM.Collect$$libinit$$00000021)
    .ARM.Collect$$libinit$$00000023          0x0800013e   Section        0  libinit2.o(.ARM.Collect$$libinit$$00000023)
    .ARM.Collect$$libinit$$00000025          0x0800013e   Section        0  libinit2.o(.ARM.Collect$$libinit$$00000025)
    .ARM.Collect$$libinit$$0000002C          0x0800013e   Section        0  libinit2.o(.ARM.Collect$$libinit$$0000002C)
    .ARM.Collect$$libinit$$0000002E          0x0800013e   Section        0  libinit2.o(.ARM.Collect$$libinit$$0000002E)
    .ARM.Collect$$libinit$$00000030          0x0800013e   Section        0  libinit2.o(.ARM.Collect$$libinit$$00000030)
    .ARM.Collect$$libinit$$00000032          0x0800013e   Section        0  libinit2.o(.ARM.Collect$$libinit$$00000032)
    .ARM.Collect$$libinit$$00000033          0x0800013e   Section        2  libinit2.o(.ARM.Collect$$libinit$$00000033)
    .ARM.Collect$$libshutdown$$00000000      0x08000140   Section        2  libshutdown.o(.ARM.Collect$$libshutdown$$00000000)
    .ARM.Collect$$libshutdown$$00000002      0x08000142   Section        0  libshutdown2.o(.ARM.Collect$$libshutdown$$00000002)
    .ARM.Collect$$libshutdown$$00000004      0x08000142   Section        0  libshutdown2.o(.ARM.Collect$$libshutdown$$00000004)
    .ARM.Collect$$libshutdown$$00000007      0x08000142   Section        0  libshutdown2.o(.ARM.Collect$$libshutdown$$00000007)
    .ARM.Collect$$libshutdown$$0000000A      0x08000142   Section        0  libshutdown2.o(.ARM.Collect$$libshutdown$$0000000A)
    .ARM.Collect$$libshutdown$$0000000C      0x08000142   Section        0  libshutdown2.o(.ARM.Collect$$libshutdown$$0000000C)
    .ARM.Collect$$libshutdown$$0000000F      0x08000142   Section        0  libshutdown2.o(.ARM.Collect$$libshutdown$$0000000F)
    .ARM.Collect$$libshutdown$$00000010      0x08000142   Section        2  libshutdown2.o(.ARM.Collect$$libshutdown$$00000010)
    .ARM.Collect$$rtentry$$00000000          0x08000144   Section        0  __rtentry.o(.ARM.Collect$$rtentry$$00000000)
    .ARM.Collect$$rtentry$$00000002          0x08000144   Section        0  __rtentry2.o(.ARM.Collect$$rtentry$$00000002)
    .ARM.Collect$$rtentry$$00000004          0x08000144   Section        6  __rtentry4.o(.ARM.Collect$$rtentry$$00000004)
    .ARM.Collect$$rtentry$$00000009          0x0800014a   Section        0  __rtentry2.o(.ARM.Collect$$rtentry$$00000009)
    .ARM.Collect$$rtentry$$0000000A          0x0800014a   Section        4  __rtentry2.o(.ARM.Collect$$rtentry$$0000000A)
    .ARM.Collect$$rtentry$$0000000C          0x0800014e   Section        0  __rtentry2.o(.ARM.Collect$$rtentry$$0000000C)
    .ARM.Collect$$rtentry$$0000000D          0x0800014e   Section        8  __rtentry2.o(.ARM.Collect$$rtentry$$0000000D)
    .ARM.Collect$$rtexit$$00000000           0x08000156   Section        2  rtexit.o(.ARM.Collect$$rtexit$$00000000)
    .ARM.Collect$$rtexit$$00000002           0x08000158   Section        0  rtexit2.o(.ARM.Collect$$rtexit$$00000002)
    .ARM.Collect$$rtexit$$00000003           0x08000158   Section        4  rtexit2.o(.ARM.Collect$$rtexit$$00000003)
    .ARM.Collect$$rtexit$$00000004           0x0800015c   Section        6  rtexit2.o(.ARM.Collect$$rtexit$$00000004)
    .text                                    0x08000164   Section      116  startup_stm32f042x6.o(.text)
    .text                                    0x080001d8   Section        0  heapauxi.o(.text)
    .text                                    0x080001de   Section       62  sys_stackheap_outer.o(.text)
    .text                                    0x0800021c   Section        0  exit.o(.text)
    .text                                    0x0800022c   Section        8  libspace.o(.text)
    .text                                    0x08000234   Section        0  sys_exit.o(.text)
    .text                                    0x08000240   Section        2  use_no_semi.o(.text)
    .text                                    0x08000242   Section        0  indicate_semi.o(.text)
    i.CAN_ClearITPendingBit                  0x08000244   Section        0  stm32f0xx_can.o(i.CAN_ClearITPendingBit)
    i.CAN_DeInit                             0x080002dc   Section        0  stm32f0xx_can.o(i.CAN_DeInit)
    i.CAN_FilterInit                         0x080002f4   Section        0  stm32f0xx_can.o(i.CAN_FilterInit)
    i.CAN_GetITStatus                        0x080003ac   Section        0  stm32f0xx_can.o(i.CAN_GetITStatus)
    i.CAN_GetLastErrorCode                   0x080004a4   Section        0  stm32f0xx_can.o(i.CAN_GetLastErrorCode)
    i.CAN_ITConfig                           0x080004ae   Section        0  stm32f0xx_can.o(i.CAN_ITConfig)
    i.CAN_Init                               0x080004c4   Section        0  stm32f0xx_can.o(i.CAN_Init)
    i.CAN_Receive                            0x080005c0   Section        0  stm32f0xx_can.o(i.CAN_Receive)
    i.CAN_Transmit                           0x0800063c   Section        0  stm32f0xx_can.o(i.CAN_Transmit)
    i.CEC_CAN_IRQHandler                     0x080006e8   Section        0  can.o(i.CEC_CAN_IRQHandler)
    i.CheckITStatus                          0x08000a18   Section        0  stm32f0xx_can.o(i.CheckITStatus)
    CheckITStatus                            0x08000a19   Thumb Code    12  stm32f0xx_can.o(i.CheckITStatus)
    i.GPIO_Init                              0x08000a24   Section        0  stm32f0xx_gpio.o(i.GPIO_Init)
    i.GPIO_PinAFConfig                       0x08000a94   Section        0  stm32f0xx_gpio.o(i.GPIO_PinAFConfig)
    i.GPIO_ResetBits                         0x08000ab4   Section        0  stm32f0xx_gpio.o(i.GPIO_ResetBits)
    i.GPIO_SetBits                           0x08000ab8   Section        0  stm32f0xx_gpio.o(i.GPIO_SetBits)
    i.GPIO_StructInit                        0x08000abc   Section        0  stm32f0xx_gpio.o(i.GPIO_StructInit)
    i.IWDG_Enable                            0x08000ad4   Section        0  stm32f0xx_iwdg.o(i.IWDG_Enable)
    i.IWDG_ReloadCounter                     0x08000ae4   Section        0  stm32f0xx_iwdg.o(i.IWDG_ReloadCounter)
    i.IWDG_SetPrescaler                      0x08000af4   Section        0  stm32f0xx_iwdg.o(i.IWDG_SetPrescaler)
    i.IWDG_SetReload                         0x08000b00   Section        0  stm32f0xx_iwdg.o(i.IWDG_SetReload)
    i.IWDG_WriteAccessCmd                    0x08000b0c   Section        0  stm32f0xx_iwdg.o(i.IWDG_WriteAccessCmd)
    i.Init_CAN                               0x08000b18   Section        0  can.o(i.Init_CAN)
    i.Init_GPIO                              0x08000cf8   Section        0  gpio.o(i.Init_GPIO)
    i.Init_IWDG                              0x08000db0   Section        0  rcc.o(i.Init_IWDG)
    i.Init_RCC                               0x08000de0   Section        0  rcc.o(i.Init_RCC)
    i.Init_SPI                               0x08000e28   Section        0  gpio.o(i.Init_SPI)
    i.Init_Timer                             0x08000e74   Section        0  timer.o(i.Init_Timer)
    i.NVIC_Init                              0x08000f10   Section        0  stm32f0xx_misc.o(i.NVIC_Init)
    i.RCC_AHBPeriphClockCmd                  0x08000f60   Section        0  stm32f0xx_rcc.o(i.RCC_AHBPeriphClockCmd)
    i.RCC_APB1PeriphClockCmd                 0x08000f7c   Section        0  stm32f0xx_rcc.o(i.RCC_APB1PeriphClockCmd)
    i.RCC_APB1PeriphResetCmd                 0x08000f98   Section        0  stm32f0xx_rcc.o(i.RCC_APB1PeriphResetCmd)
    i.RCC_APB2PeriphClockCmd                 0x08000fb4   Section        0  stm32f0xx_rcc.o(i.RCC_APB2PeriphClockCmd)
    i.SPI_Cmd                                0x08000fd0   Section        0  stm32f0xx_spi.o(i.SPI_Cmd)
    i.SPI_I2S_GetFlagStatus                  0x08000fe6   Section        0  stm32f0xx_spi.o(i.SPI_I2S_GetFlagStatus)
    i.SPI_I2S_SendData16                     0x08000ff4   Section        0  stm32f0xx_spi.o(i.SPI_I2S_SendData16)
    i.SPI_Init                               0x08000ff8   Section        0  stm32f0xx_spi.o(i.SPI_Init)
    i.SPI_NSSInternalSoftwareConfig          0x0800104c   Section        0  stm32f0xx_spi.o(i.SPI_NSSInternalSoftwareConfig)
    i.SetSysClock                            0x0800106c   Section        0  system_stm32f0xx.o(i.SetSysClock)
    SetSysClock                              0x0800106d   Thumb Code   144  system_stm32f0xx.o(i.SetSysClock)
    i.SystemInit                             0x08001104   Section        0  system_stm32f0xx.o(i.SystemInit)
    i.TIM14_IRQHandler                       0x08001164   Section        0  timer.o(i.TIM14_IRQHandler)
    i.TIM16_IRQHandler                       0x080011a4   Section        0  timer.o(i.TIM16_IRQHandler)
    i.TIM17_IRQHandler                       0x0800130c   Section        0  timer.o(i.TIM17_IRQHandler)
    i.__ARM_common_switch8                   0x08001574   Section        0  can.o(i.__ARM_common_switch8)
    i.flash_erase                            0x08001590   Section        0  main.o(i.flash_erase)
    i.flash_prog_all                         0x080015d4   Section        0  main.o(i.flash_prog_all)
    i.main                                   0x08001618   Section        0  main.o(i.main)
    i.roll_inputs                            0x0800167c   Section        0  can.o(i.roll_inputs)
    .data                                    0x20000000   Section        4  main.o(.data)
    .data                                    0x20000004   Section        2  main.o(.data)
    .data                                    0x20000006   Section        1  main.o(.data)
    .data                                    0x20000007   Section        1  main.o(.data)
    .data                                    0x20000008   Section        1  main.o(.data)
    .data                                    0x20000009   Section        1  main.o(.data)
    .data                                    0x2000000a   Section        1  main.o(.data)
    .data                                    0x2000000b   Section        1  main.o(.data)
    .data                                    0x2000000c   Section        8  main.o(.data)
    .data                                    0x20000014   Section        8  main.o(.data)
    .data                                    0x2000001c   Section        3  main.o(.data)
    .data                                    0x2000001f   Section        3  can.o(.data)
    door_buf                                 0x2000001f   Data           1  can.o(.data)
    roll_buf                                 0x20000020   Data           1  can.o(.data)
    stair_buf                                0x20000021   Data           1  can.o(.data)
    .data                                    0x20000022   Section        1  timer.o(.data)
    can_cnt                                  0x20000022   Data           1  timer.o(.data)
    .bss                                     0x20000024   Section       16  main.o(.bss)
    .bss                                     0x20000034   Section       20  main.o(.bss)
    .bss                                     0x20000048   Section       12  main.o(.bss)
    .bss                                     0x20000054   Section       14  main.o(.bss)
    .bss                                     0x20000064   Section       96  libspace.o(.bss)
    HEAP                                     0x200000c8   Section      512  startup_stm32f042x6.o(HEAP)
    Heap_Mem                                 0x200000c8   Data         512  startup_stm32f042x6.o(HEAP)
    STACK                                    0x200002c8   Section     1024  startup_stm32f042x6.o(STACK)
    Stack_Mem                                0x200002c8   Data        1024  startup_stm32f042x6.o(STACK)
    __initial_sp                             0x200006c8   Data           0  startup_stm32f042x6.o(STACK)

    Global Symbols

    Symbol Name                              Value     Ov Type        Size  Object(Section)

    BuildAttributes$$THM_ISAv3M$S$PE$A:L22$X:L11$S22$IEEE1$IW$USESV6$~STKCKD$USESV7$~SHL$OSPACE$ROPI$EBA8$UX$STANDARDLIB$REQ8$PRES8$EABIv2 0x00000000   Number         0  anon$$obj.o ABSOLUTE
    __ARM_use_no_argv                        0x00000000   Number         0  main.o ABSOLUTE
    __ARM_exceptions_init                     - Undefined Weak Reference
    __alloca_initialize                       - Undefined Weak Reference
    __arm_preinit_                            - Undefined Weak Reference
    __cpp_initialize__aeabi_                  - Undefined Weak Reference
    __cxa_finalize                            - Undefined Weak Reference
    __rt_locale                               - Undefined Weak Reference
    __sigvec_lookup                           - Undefined Weak Reference
    _atexit_init                              - Undefined Weak Reference
    _call_atexit_fns                          - Undefined Weak Reference
    _clock_init                               - Undefined Weak Reference
    _fp_trap_init                             - Undefined Weak Reference
    _fp_trap_shutdown                         - Undefined Weak Reference
    _get_lc_collate                           - Undefined Weak Reference
    _get_lc_ctype                             - Undefined Weak Reference
    _get_lc_monetary                          - Undefined Weak Reference
    _get_lc_numeric                           - Undefined Weak Reference
    _get_lc_time                              - Undefined Weak Reference
    _getenv_init                              - Undefined Weak Reference
    _handle_redirection                       - Undefined Weak Reference
    _init_alloc                               - Undefined Weak Reference
    _init_user_alloc                          - Undefined Weak Reference
    _initio                                   - Undefined Weak Reference
    _rand_init                                - Undefined Weak Reference
    _signal_finish                            - Undefined Weak Reference
    _signal_init                              - Undefined Weak Reference
    _terminate_alloc                          - Undefined Weak Reference
    _terminate_user_alloc                     - Undefined Weak Reference
    _terminateio                              - Undefined Weak Reference
    __Vectors_Size                           0x000000c0   Number         0  startup_stm32f042x6.o ABSOLUTE
    __Vectors                                0x08000000   Data           4  startup_stm32f042x6.o(RESET)
    __Vectors_End                            0x080000c0   Data           0  startup_stm32f042x6.o(RESET)
    __main                                   0x080000c1   Thumb Code     8  __main.o(!!!main)
    __scatterload                            0x080000c9   Thumb Code     0  __scatter.o(!!!scatter)
    __scatterload_rt2                        0x080000c9   Thumb Code    52  __scatter.o(!!!scatter)
    __scatterload_rt2_thumb_only             0x080000c9   Thumb Code     0  __scatter.o(!!!scatter)
    __scatterload_null                       0x080000d9   Thumb Code     0  __scatter.o(!!!scatter)
    __scatterload_copy                       0x08000105   Thumb Code    26  __scatter_copy.o(!!handler_copy)
    __scatterload_zeroinit                   0x08000121   Thumb Code    28  __scatter_zi.o(!!handler_zi)
    __rt_lib_init                            0x0800013d   Thumb Code     0  libinit.o(.ARM.Collect$$libinit$$00000000)
    __rt_lib_init_alloca_1                   0x0800013f   Thumb Code     0  libinit2.o(.ARM.Collect$$libinit$$0000002E)
    __rt_lib_init_argv_1                     0x0800013f   Thumb Code     0  libinit2.o(.ARM.Collect$$libinit$$0000002C)
    __rt_lib_init_atexit_1                   0x0800013f   Thumb Code     0  libinit2.o(.ARM.Collect$$libinit$$0000001B)
    __rt_lib_init_clock_1                    0x0800013f   Thumb Code     0  libinit2.o(.ARM.Collect$$libinit$$00000021)
    __rt_lib_init_cpp_1                      0x0800013f   Thumb Code     0  libinit2.o(.ARM.Collect$$libinit$$00000032)
    __rt_lib_init_exceptions_1               0x0800013f   Thumb Code     0  libinit2.o(.ARM.Collect$$libinit$$00000030)
    __rt_lib_init_fp_1                       0x0800013f   Thumb Code     0  libinit2.o(.ARM.Collect$$libinit$$00000002)
    __rt_lib_init_fp_trap_1                  0x0800013f   Thumb Code     0  libinit2.o(.ARM.Collect$$libinit$$0000001F)
    __rt_lib_init_getenv_1                   0x0800013f   Thumb Code     0  libinit2.o(.ARM.Collect$$libinit$$00000023)
    __rt_lib_init_heap_1                     0x0800013f   Thumb Code     0  libinit2.o(.ARM.Collect$$libinit$$0000000A)
    __rt_lib_init_lc_collate_1               0x0800013f   Thumb Code     0  libinit2.o(.ARM.Collect$$libinit$$00000011)
    __rt_lib_init_lc_ctype_1                 0x0800013f   Thumb Code     0  libinit2.o(.ARM.Collect$$libinit$$00000013)
    __rt_lib_init_lc_monetary_1              0x0800013f   Thumb Code     0  libinit2.o(.ARM.Collect$$libinit$$00000015)
    __rt_lib_init_lc_numeric_1               0x0800013f   Thumb Code     0  libinit2.o(.ARM.Collect$$libinit$$00000017)
    __rt_lib_init_lc_time_1                  0x0800013f   Thumb Code     0  libinit2.o(.ARM.Collect$$libinit$$00000019)
    __rt_lib_init_preinit_1                  0x0800013f   Thumb Code     0  libinit2.o(.ARM.Collect$$libinit$$00000004)
    __rt_lib_init_rand_1                     0x0800013f   Thumb Code     0  libinit2.o(.ARM.Collect$$libinit$$0000000E)
    __rt_lib_init_return                     0x0800013f   Thumb Code     0  libinit2.o(.ARM.Collect$$libinit$$00000033)
    __rt_lib_init_signal_1                   0x0800013f   Thumb Code     0  libinit2.o(.ARM.Collect$$libinit$$0000001D)
    __rt_lib_init_stdio_1                    0x0800013f   Thumb Code     0  libinit2.o(.ARM.Collect$$libinit$$00000025)
    __rt_lib_init_user_alloc_1               0x0800013f   Thumb Code     0  libinit2.o(.ARM.Collect$$libinit$$0000000C)
    __rt_lib_shutdown                        0x08000141   Thumb Code     0  libshutdown.o(.ARM.Collect$$libshutdown$$00000000)
    __rt_lib_shutdown_cpp_1                  0x08000143   Thumb Code     0  libshutdown2.o(.ARM.Collect$$libshutdown$$00000002)
    __rt_lib_shutdown_fp_trap_1              0x08000143   Thumb Code     0  libshutdown2.o(.ARM.Collect$$libshutdown$$00000007)
    __rt_lib_shutdown_heap_1                 0x08000143   Thumb Code     0  libshutdown2.o(.ARM.Collect$$libshutdown$$0000000F)
    __rt_lib_shutdown_return                 0x08000143   Thumb Code     0  libshutdown2.o(.ARM.Collect$$libshutdown$$00000010)
    __rt_lib_shutdown_signal_1               0x08000143   Thumb Code     0  libshutdown2.o(.ARM.Collect$$libshutdown$$0000000A)
    __rt_lib_shutdown_stdio_1                0x08000143   Thumb Code     0  libshutdown2.o(.ARM.Collect$$libshutdown$$00000004)
    __rt_lib_shutdown_user_alloc_1           0x08000143   Thumb Code     0  libshutdown2.o(.ARM.Collect$$libshutdown$$0000000C)
    __rt_entry                               0x08000145   Thumb Code     0  __rtentry.o(.ARM.Collect$$rtentry$$00000000)
    __rt_entry_presh_1                       0x08000145   Thumb Code     0  __rtentry2.o(.ARM.Collect$$rtentry$$00000002)
    __rt_entry_sh                            0x08000145   Thumb Code     0  __rtentry4.o(.ARM.Collect$$rtentry$$00000004)
    __rt_entry_li                            0x0800014b   Thumb Code     0  __rtentry2.o(.ARM.Collect$$rtentry$$0000000A)
    __rt_entry_postsh_1                      0x0800014b   Thumb Code     0  __rtentry2.o(.ARM.Collect$$rtentry$$00000009)
    __rt_entry_main                          0x0800014f   Thumb Code     0  __rtentry2.o(.ARM.Collect$$rtentry$$0000000D)
    __rt_entry_postli_1                      0x0800014f   Thumb Code     0  __rtentry2.o(.ARM.Collect$$rtentry$$0000000C)
    __rt_exit                                0x08000157   Thumb Code     0  rtexit.o(.ARM.Collect$$rtexit$$00000000)
    __rt_exit_ls                             0x08000159   Thumb Code     0  rtexit2.o(.ARM.Collect$$rtexit$$00000003)
    __rt_exit_prels_1                        0x08000159   Thumb Code     0  rtexit2.o(.ARM.Collect$$rtexit$$00000002)
    __rt_exit_exit                           0x0800015d   Thumb Code     0  rtexit2.o(.ARM.Collect$$rtexit$$00000004)
    Reset_Handler                            0x08000165   Thumb Code    38  startup_stm32f042x6.o(.text)
    NMI_Handler                              0x0800018b   Thumb Code     2  startup_stm32f042x6.o(.text)
    HardFault_Handler                        0x0800018d   Thumb Code     2  startup_stm32f042x6.o(.text)
    SVC_Handler                              0x0800018f   Thumb Code     2  startup_stm32f042x6.o(.text)
    PendSV_Handler                           0x08000191   Thumb Code     2  startup_stm32f042x6.o(.text)
    SysTick_Handler                          0x08000193   Thumb Code     2  startup_stm32f042x6.o(.text)
    ADC1_IRQHandler                          0x08000195   Thumb Code     0  startup_stm32f042x6.o(.text)
    DMA1_Channel1_IRQHandler                 0x08000195   Thumb Code     0  startup_stm32f042x6.o(.text)
    DMA1_Channel2_3_IRQHandler               0x08000195   Thumb Code     0  startup_stm32f042x6.o(.text)
    DMA1_Channel4_5_IRQHandler               0x08000195   Thumb Code     0  startup_stm32f042x6.o(.text)
    EXTI0_1_IRQHandler                       0x08000195   Thumb Code     0  startup_stm32f042x6.o(.text)
    EXTI2_3_IRQHandler                       0x08000195   Thumb Code     0  startup_stm32f042x6.o(.text)
    EXTI4_15_IRQHandler                      0x08000195   Thumb Code     0  startup_stm32f042x6.o(.text)
    FLASH_IRQHandler                         0x08000195   Thumb Code     0  startup_stm32f042x6.o(.text)
    I2C1_IRQHandler                          0x08000195   Thumb Code     0  startup_stm32f042x6.o(.text)
    PVD_VDDIO2_IRQHandler                    0x08000195   Thumb Code     0  startup_stm32f042x6.o(.text)
    RCC_CRS_IRQHandler                       0x08000195   Thumb Code     0  startup_stm32f042x6.o(.text)
    RTC_IRQHandler                           0x08000195   Thumb Code     0  startup_stm32f042x6.o(.text)
    SPI1_IRQHandler                          0x08000195   Thumb Code     0  startup_stm32f042x6.o(.text)
    SPI2_IRQHandler                          0x08000195   Thumb Code     0  startup_stm32f042x6.o(.text)
    TIM1_BRK_UP_TRG_COM_IRQHandler           0x08000195   Thumb Code     0  startup_stm32f042x6.o(.text)
    TIM1_CC_IRQHandler                       0x08000195   Thumb Code     0  startup_stm32f042x6.o(.text)
    TIM2_IRQHandler                          0x08000195   Thumb Code     0  startup_stm32f042x6.o(.text)
    TIM3_IRQHandler                          0x08000195   Thumb Code     0  startup_stm32f042x6.o(.text)
    TSC_IRQHandler                           0x08000195   Thumb Code     0  startup_stm32f042x6.o(.text)
    USART1_IRQHandler                        0x08000195   Thumb Code     0  startup_stm32f042x6.o(.text)
    USART2_IRQHandler                        0x08000195   Thumb Code     0  startup_stm32f042x6.o(.text)
    USB_IRQHandler                           0x08000195   Thumb Code     0  startup_stm32f042x6.o(.text)
    WWDG_IRQHandler                          0x08000195   Thumb Code     0  startup_stm32f042x6.o(.text)
    __user_initial_stackheap                 0x08000199   Thumb Code     0  startup_stm32f042x6.o(.text)
    __use_two_region_memory                  0x080001d9   Thumb Code     2  heapauxi.o(.text)
    __rt_heap_escrow$2region                 0x080001db   Thumb Code     2  heapauxi.o(.text)
    __rt_heap_expand$2region                 0x080001dd   Thumb Code     2  heapauxi.o(.text)
    __user_setup_stackheap                   0x080001df   Thumb Code    62  sys_stackheap_outer.o(.text)
    exit                                     0x0800021d   Thumb Code    16  exit.o(.text)
    __user_libspace                          0x0800022d   Thumb Code     8  libspace.o(.text)
    __user_perproc_libspace                  0x0800022d   Thumb Code     0  libspace.o(.text)
    __user_perthread_libspace                0x0800022d   Thumb Code     0  libspace.o(.text)
    _sys_exit                                0x08000235   Thumb Code     8  sys_exit.o(.text)
    __I$use$semihosting                      0x08000241   Thumb Code     0  use_no_semi.o(.text)
    __use_no_semihosting_swi                 0x08000241   Thumb Code     2  use_no_semi.o(.text)
    __semihosting_library_function           0x08000243   Thumb Code     0  indicate_semi.o(.text)
    CAN_ClearITPendingBit                    0x08000245   Thumb Code   148  stm32f0xx_can.o(i.CAN_ClearITPendingBit)
    CAN_DeInit                               0x080002dd   Thumb Code    22  stm32f0xx_can.o(i.CAN_DeInit)
    CAN_FilterInit                           0x080002f5   Thumb Code   180  stm32f0xx_can.o(i.CAN_FilterInit)
    CAN_GetITStatus                          0x080003ad   Thumb Code   244  stm32f0xx_can.o(i.CAN_GetITStatus)
    CAN_GetLastErrorCode                     0x080004a5   Thumb Code    10  stm32f0xx_can.o(i.CAN_GetLastErrorCode)
    CAN_ITConfig                             0x080004af   Thumb Code    20  stm32f0xx_can.o(i.CAN_ITConfig)
    CAN_Init                                 0x080004c5   Thumb Code   246  stm32f0xx_can.o(i.CAN_Init)
    CAN_Receive                              0x080005c1   Thumb Code   124  stm32f0xx_can.o(i.CAN_Receive)
    CAN_Transmit                             0x0800063d   Thumb Code   170  stm32f0xx_can.o(i.CAN_Transmit)
    CEC_CAN_IRQHandler                       0x080006e9   Thumb Code   772  can.o(i.CEC_CAN_IRQHandler)
    GPIO_Init                                0x08000a25   Thumb Code   112  stm32f0xx_gpio.o(i.GPIO_Init)
    GPIO_PinAFConfig                         0x08000a95   Thumb Code    32  stm32f0xx_gpio.o(i.GPIO_PinAFConfig)
    GPIO_ResetBits                           0x08000ab5   Thumb Code     4  stm32f0xx_gpio.o(i.GPIO_ResetBits)
    GPIO_SetBits                             0x08000ab9   Thumb Code     4  stm32f0xx_gpio.o(i.GPIO_SetBits)
    GPIO_StructInit                          0x08000abd   Thumb Code    18  stm32f0xx_gpio.o(i.GPIO_StructInit)
    IWDG_Enable                              0x08000ad5   Thumb Code     8  stm32f0xx_iwdg.o(i.IWDG_Enable)
    IWDG_ReloadCounter                       0x08000ae5   Thumb Code     8  stm32f0xx_iwdg.o(i.IWDG_ReloadCounter)
    IWDG_SetPrescaler                        0x08000af5   Thumb Code     6  stm32f0xx_iwdg.o(i.IWDG_SetPrescaler)
    IWDG_SetReload                           0x08000b01   Thumb Code     6  stm32f0xx_iwdg.o(i.IWDG_SetReload)
    IWDG_WriteAccessCmd                      0x08000b0d   Thumb Code     6  stm32f0xx_iwdg.o(i.IWDG_WriteAccessCmd)
    Init_CAN                                 0x08000b19   Thumb Code   464  can.o(i.Init_CAN)
    Init_GPIO                                0x08000cf9   Thumb Code   174  gpio.o(i.Init_GPIO)
    Init_IWDG                                0x08000db1   Thumb Code    40  rcc.o(i.Init_IWDG)
    Init_RCC                                 0x08000de1   Thumb Code    72  rcc.o(i.Init_RCC)
    Init_SPI                                 0x08000e29   Thumb Code    72  gpio.o(i.Init_SPI)
    Init_Timer                               0x08000e75   Thumb Code   130  timer.o(i.Init_Timer)
    NVIC_Init                                0x08000f11   Thumb Code    72  stm32f0xx_misc.o(i.NVIC_Init)
    RCC_AHBPeriphClockCmd                    0x08000f61   Thumb Code    22  stm32f0xx_rcc.o(i.RCC_AHBPeriphClockCmd)
    RCC_APB1PeriphClockCmd                   0x08000f7d   Thumb Code    22  stm32f0xx_rcc.o(i.RCC_APB1PeriphClockCmd)
    RCC_APB1PeriphResetCmd                   0x08000f99   Thumb Code    22  stm32f0xx_rcc.o(i.RCC_APB1PeriphResetCmd)
    RCC_APB2PeriphClockCmd                   0x08000fb5   Thumb Code    22  stm32f0xx_rcc.o(i.RCC_APB2PeriphClockCmd)
    SPI_Cmd                                  0x08000fd1   Thumb Code    22  stm32f0xx_spi.o(i.SPI_Cmd)
    SPI_I2S_GetFlagStatus                    0x08000fe7   Thumb Code    14  stm32f0xx_spi.o(i.SPI_I2S_GetFlagStatus)
    SPI_I2S_SendData16                       0x08000ff5   Thumb Code     4  stm32f0xx_spi.o(i.SPI_I2S_SendData16)
    SPI_Init                                 0x08000ff9   Thumb Code    74  stm32f0xx_spi.o(i.SPI_Init)
    SPI_NSSInternalSoftwareConfig            0x0800104d   Thumb Code    26  stm32f0xx_spi.o(i.SPI_NSSInternalSoftwareConfig)
    SystemInit                               0x08001105   Thumb Code    84  system_stm32f0xx.o(i.SystemInit)
    TIM14_IRQHandler                         0x08001165   Thumb Code    48  timer.o(i.TIM14_IRQHandler)
    TIM16_IRQHandler                         0x080011a5   Thumb Code   332  timer.o(i.TIM16_IRQHandler)
    TIM17_IRQHandler                         0x0800130d   Thumb Code   564  timer.o(i.TIM17_IRQHandler)
    __ARM_common_switch8                     0x08001575   Thumb Code    26  can.o(i.__ARM_common_switch8)
    flash_erase                              0x08001591   Thumb Code    58  main.o(i.flash_erase)
    flash_prog_all                           0x080015d5   Thumb Code    54  main.o(i.flash_prog_all)
    main                                     0x08001619   Thumb Code    78  main.o(i.main)
    roll_inputs                              0x0800167d   Thumb Code   150  can.o(i.roll_inputs)
    Region$$Table$$Base                      0x08001720   Number         0  anon$$obj.o(Region$$Table)
    Region$$Table$$Limit                     0x08001740   Number         0  anon$$obj.o(Region$$Table)
    buttons                                  0x20000000   Data           1  main.o(.data)
    butt_mask                                0x20000001   Data           1  main.o(.data)
    light_mask                               0x20000002   Data           2  main.o(.data)
    light_out                                0x20000004   Data           2  main.o(.data)
    butt                                     0x20000006   Data           1  main.o(.data)
    blink                                    0x20000007   Data           1  main.o(.data)
    can_on                                   0x20000008   Data           1  main.o(.data)
    pwm_count                                0x20000009   Data           1  main.o(.data)
    light_buf                                0x2000000a   Data           1  main.o(.data)
    levels                                   0x2000000b   Data           1  main.o(.data)
    level                                    0x2000000c   Data           8  main.o(.data)
    GPIO_InitStructure                       0x20000014   Data           8  main.o(.data)
    NVIC_InitStructure                       0x2000001c   Data           3  main.o(.data)
    b                                        0x20000024   Data          16  main.o(.bss)
    TxMessage                                0x20000034   Data          20  main.o(.bss)
    CAN_InitStructure                        0x20000048   Data          12  main.o(.bss)
    CAN_FilterInitStructure                  0x20000054   Data          14  main.o(.bss)
    __libspace_start                         0x20000064   Data          96  libspace.o(.bss)
    __temporary_stack_top$libspace           0x200000c4   Data           0  libspace.o(.bss)



==============================================================================

Memory Map of the image

  Image Entry point : 0x08000165

  Load Region LR_1 (Base: 0x08000000, Size: 0x00001764, Max: 0xffffffff, ABSOLUTE)

    Execution Region ER_RO (Exec base: 0x08000000, Load base: 0x08000000, Size: 0x00001740, Max: 0xffffffff, ABSOLUTE)

    Exec Addr    Load Addr    Size         Type   Attr      Idx    E Section Name        Object

    0x08000000   0x08000000   0x000000c0   Data   RO         1066    RESET               startup_stm32f042x6.o
    0x080000c0   0x080000c0   0x00000008   Code   RO         1116  * !!!main             c_p.l(__main.o)
    0x080000c8   0x080000c8   0x0000003c   Code   RO         1285    !!!scatter          c_p.l(__scatter.o)
    0x08000104   0x08000104   0x0000001a   Code   RO         1287    !!handler_copy      c_p.l(__scatter_copy.o)
    0x0800011e   0x0800011e   0x00000002   PAD
    0x08000120   0x08000120   0x0000001c   Code   RO         1289    !!handler_zi        c_p.l(__scatter_zi.o)
    0x0800013c   0x0800013c   0x00000002   Code   RO         1154    .ARM.Collect$$libinit$$00000000  c_p.l(libinit.o)
    0x0800013e   0x0800013e   0x00000000   Code   RO         1168    .ARM.Collect$$libinit$$00000002  c_p.l(libinit2.o)
    0x0800013e   0x0800013e   0x00000000   Code   RO         1170    .ARM.Collect$$libinit$$00000004  c_p.l(libinit2.o)
    0x0800013e   0x0800013e   0x00000000   Code   RO         1173    .ARM.Collect$$libinit$$0000000A  c_p.l(libinit2.o)
    0x0800013e   0x0800013e   0x00000000   Code   RO         1175    .ARM.Collect$$libinit$$0000000C  c_p.l(libinit2.o)
    0x0800013e   0x0800013e   0x00000000   Code   RO         1177    .ARM.Collect$$libinit$$0000000E  c_p.l(libinit2.o)
    0x0800013e   0x0800013e   0x00000000   Code   RO         1180    .ARM.Collect$$libinit$$00000011  c_p.l(libinit2.o)
    0x0800013e   0x0800013e   0x00000000   Code   RO         1182    .ARM.Collect$$libinit$$00000013  c_p.l(libinit2.o)
    0x0800013e   0x0800013e   0x00000000   Code   RO         1184    .ARM.Collect$$libinit$$00000015  c_p.l(libinit2.o)
    0x0800013e   0x0800013e   0x00000000   Code   RO         1186    .ARM.Collect$$libinit$$00000017  c_p.l(libinit2.o)
    0x0800013e   0x0800013e   0x00000000   Code   RO         1188    .ARM.Collect$$libinit$$00000019  c_p.l(libinit2.o)
    0x0800013e   0x0800013e   0x00000000   Code   RO         1190    .ARM.Collect$$libinit$$0000001B  c_p.l(libinit2.o)
    0x0800013e   0x0800013e   0x00000000   Code   RO         1192    .ARM.Collect$$libinit$$0000001D  c_p.l(libinit2.o)
    0x0800013e   0x0800013e   0x00000000   Code   RO         1194    .ARM.Collect$$libinit$$0000001F  c_p.l(libinit2.o)
    0x0800013e   0x0800013e   0x00000000   Code   RO         1196    .ARM.Collect$$libinit$$00000021  c_p.l(libinit2.o)
    0x0800013e   0x0800013e   0x00000000   Code   RO         1198    .ARM.Collect$$libinit$$00000023  c_p.l(libinit2.o)
    0x0800013e   0x0800013e   0x00000000   Code   RO         1200    .ARM.Collect$$libinit$$00000025  c_p.l(libinit2.o)
    0x0800013e   0x0800013e   0x00000000   Code   RO         1204    .ARM.Collect$$libinit$$0000002C  c_p.l(libinit2.o)
    0x0800013e   0x0800013e   0x00000000   Code   RO         1206    .ARM.Collect$$libinit$$0000002E  c_p.l(libinit2.o)
    0x0800013e   0x0800013e   0x00000000   Code   RO         1208    .ARM.Collect$$libinit$$00000030  c_p.l(libinit2.o)
    0x0800013e   0x0800013e   0x00000000   Code   RO         1210    .ARM.Collect$$libinit$$00000032  c_p.l(libinit2.o)
    0x0800013e   0x0800013e   0x00000002   Code   RO         1211    .ARM.Collect$$libinit$$00000033  c_p.l(libinit2.o)
    0x08000140   0x08000140   0x00000002   Code   RO         1242    .ARM.Collect$$libshutdown$$00000000  c_p.l(libshutdown.o)
    0x08000142   0x08000142   0x00000000   Code   RO         1268    .ARM.Collect$$libshutdown$$00000002  c_p.l(libshutdown2.o)
    0x08000142   0x08000142   0x00000000   Code   RO         1270    .ARM.Collect$$libshutdown$$00000004  c_p.l(libshutdown2.o)
    0x08000142   0x08000142   0x00000000   Code   RO         1273    .ARM.Collect$$libshutdown$$00000007  c_p.l(libshutdown2.o)
    0x08000142   0x08000142   0x00000000   Code   RO         1276    .ARM.Collect$$libshutdown$$0000000A  c_p.l(libshutdown2.o)
    0x08000142   0x08000142   0x00000000   Code   RO         1278    .ARM.Collect$$libshutdown$$0000000C  c_p.l(libshutdown2.o)
    0x08000142   0x08000142   0x00000000   Code   RO         1281    .ARM.Collect$$libshutdown$$0000000F  c_p.l(libshutdown2.o)
    0x08000142   0x08000142   0x00000002   Code   RO         1282    .ARM.Collect$$libshutdown$$00000010  c_p.l(libshutdown2.o)
    0x08000144   0x08000144   0x00000000   Code   RO         1118    .ARM.Collect$$rtentry$$00000000  c_p.l(__rtentry.o)
    0x08000144   0x08000144   0x00000000   Code   RO         1124    .ARM.Collect$$rtentry$$00000002  c_p.l(__rtentry2.o)
    0x08000144   0x08000144   0x00000006   Code   RO         1136    .ARM.Collect$$rtentry$$00000004  c_p.l(__rtentry4.o)
    0x0800014a   0x0800014a   0x00000000   Code   RO         1126    .ARM.Collect$$rtentry$$00000009  c_p.l(__rtentry2.o)
    0x0800014a   0x0800014a   0x00000004   Code   RO         1127    .ARM.Collect$$rtentry$$0000000A  c_p.l(__rtentry2.o)
    0x0800014e   0x0800014e   0x00000000   Code   RO         1129    .ARM.Collect$$rtentry$$0000000C  c_p.l(__rtentry2.o)
    0x0800014e   0x0800014e   0x00000008   Code   RO         1130    .ARM.Collect$$rtentry$$0000000D  c_p.l(__rtentry2.o)
    0x08000156   0x08000156   0x00000002   Code   RO         1159    .ARM.Collect$$rtexit$$00000000  c_p.l(rtexit.o)
    0x08000158   0x08000158   0x00000000   Code   RO         1215    .ARM.Collect$$rtexit$$00000002  c_p.l(rtexit2.o)
    0x08000158   0x08000158   0x00000004   Code   RO         1216    .ARM.Collect$$rtexit$$00000003  c_p.l(rtexit2.o)
    0x0800015c   0x0800015c   0x00000006   Code   RO         1217    .ARM.Collect$$rtexit$$00000004  c_p.l(rtexit2.o)
    0x08000162   0x08000162   0x00000002   PAD
    0x08000164   0x08000164   0x00000074   Code   RO         1067  * .text               startup_stm32f042x6.o
    0x080001d8   0x080001d8   0x00000006   Code   RO         1114    .text               c_p.l(heapauxi.o)
    0x080001de   0x080001de   0x0000003e   Code   RO         1140    .text               c_p.l(sys_stackheap_outer.o)
    0x0800021c   0x0800021c   0x00000010   Code   RO         1143    .text               c_p.l(exit.o)
    0x0800022c   0x0800022c   0x00000008   Code   RO         1155    .text               c_p.l(libspace.o)
    0x08000234   0x08000234   0x0000000c   Code   RO         1212    .text               c_p.l(sys_exit.o)
    0x08000240   0x08000240   0x00000002   Code   RO         1231    .text               c_p.l(use_no_semi.o)
    0x08000242   0x08000242   0x00000000   Code   RO         1233    .text               c_p.l(indicate_semi.o)
    0x08000242   0x08000242   0x00000002   PAD
    0x08000244   0x08000244   0x00000098   Code   RO          263    i.CAN_ClearITPendingBit  stm32f0xx_can.o
    0x080002dc   0x080002dc   0x00000016   Code   RO          265    i.CAN_DeInit        stm32f0xx_can.o
    0x080002f2   0x080002f2   0x00000002   PAD
    0x080002f4   0x080002f4   0x000000b8   Code   RO          267    i.CAN_FilterInit    stm32f0xx_can.o
    0x080003ac   0x080003ac   0x000000f8   Code   RO          269    i.CAN_GetITStatus   stm32f0xx_can.o
    0x080004a4   0x080004a4   0x0000000a   Code   RO          271    i.CAN_GetLastErrorCode  stm32f0xx_can.o
    0x080004ae   0x080004ae   0x00000014   Code   RO          273    i.CAN_ITConfig      stm32f0xx_can.o
    0x080004c2   0x080004c2   0x00000002   PAD
    0x080004c4   0x080004c4   0x000000fc   Code   RO          274    i.CAN_Init          stm32f0xx_can.o
    0x080005c0   0x080005c0   0x0000007c   Code   RO          277    i.CAN_Receive       stm32f0xx_can.o
    0x0800063c   0x0800063c   0x000000aa   Code   RO          282    i.CAN_Transmit      stm32f0xx_can.o
    0x080006e6   0x080006e6   0x00000002   PAD
    0x080006e8   0x080006e8   0x00000330   Code   RO          125    i.CEC_CAN_IRQHandler  can.o
    0x08000a18   0x08000a18   0x0000000c   Code   RO          285    i.CheckITStatus     stm32f0xx_can.o
    0x08000a24   0x08000a24   0x00000070   Code   RO          425    i.GPIO_Init         stm32f0xx_gpio.o
    0x08000a94   0x08000a94   0x00000020   Code   RO          426    i.GPIO_PinAFConfig  stm32f0xx_gpio.o
    0x08000ab4   0x08000ab4   0x00000004   Code   RO          432    i.GPIO_ResetBits    stm32f0xx_gpio.o
    0x08000ab8   0x08000ab8   0x00000004   Code   RO          433    i.GPIO_SetBits      stm32f0xx_gpio.o
    0x08000abc   0x08000abc   0x00000018   Code   RO          434    i.GPIO_StructInit   stm32f0xx_gpio.o
    0x08000ad4   0x08000ad4   0x00000010   Code   RO          516    i.IWDG_Enable       stm32f0xx_iwdg.o
    0x08000ae4   0x08000ae4   0x00000010   Code   RO          518    i.IWDG_ReloadCounter  stm32f0xx_iwdg.o
    0x08000af4   0x08000af4   0x0000000c   Code   RO          519    i.IWDG_SetPrescaler  stm32f0xx_iwdg.o
    0x08000b00   0x08000b00   0x0000000c   Code   RO          520    i.IWDG_SetReload    stm32f0xx_iwdg.o
    0x08000b0c   0x08000b0c   0x0000000c   Code   RO          522    i.IWDG_WriteAccessCmd  stm32f0xx_iwdg.o
    0x08000b18   0x08000b18   0x000001e0   Code   RO          126    i.Init_CAN          can.o
    0x08000cf8   0x08000cf8   0x000000b8   Code   RO          209    i.Init_GPIO         gpio.o
    0x08000db0   0x08000db0   0x00000030   Code   RO          235    i.Init_IWDG         rcc.o
    0x08000de0   0x08000de0   0x00000048   Code   RO          236    i.Init_RCC          rcc.o
    0x08000e28   0x08000e28   0x0000004c   Code   RO          210    i.Init_SPI          gpio.o
    0x08000e74   0x08000e74   0x0000009c   Code   RO          164    i.Init_Timer        timer.o
    0x08000f10   0x08000f10   0x00000050   Code   RO          572    i.NVIC_Init         stm32f0xx_misc.o
    0x08000f60   0x08000f60   0x0000001c   Code   RO          605    i.RCC_AHBPeriphClockCmd  stm32f0xx_rcc.o
    0x08000f7c   0x08000f7c   0x0000001c   Code   RO          607    i.RCC_APB1PeriphClockCmd  stm32f0xx_rcc.o
    0x08000f98   0x08000f98   0x0000001c   Code   RO          608    i.RCC_APB1PeriphResetCmd  stm32f0xx_rcc.o
    0x08000fb4   0x08000fb4   0x0000001c   Code   RO          609    i.RCC_APB2PeriphClockCmd  stm32f0xx_rcc.o
    0x08000fd0   0x08000fd0   0x00000016   Code   RO          872    i.SPI_Cmd           stm32f0xx_spi.o
    0x08000fe6   0x08000fe6   0x0000000e   Code   RO          881    i.SPI_I2S_GetFlagStatus  stm32f0xx_spi.o
    0x08000ff4   0x08000ff4   0x00000004   Code   RO          885    i.SPI_I2S_SendData16  stm32f0xx_spi.o
    0x08000ff8   0x08000ff8   0x00000054   Code   RO          886    i.SPI_Init          stm32f0xx_spi.o
    0x0800104c   0x0800104c   0x00000020   Code   RO          888    i.SPI_NSSInternalSoftwareConfig  stm32f0xx_spi.o
    0x0800106c   0x0800106c   0x00000098   Code   RO         1073    i.SetSysClock       system_stm32f0xx.o
    0x08001104   0x08001104   0x00000060   Code   RO         1075    i.SystemInit        system_stm32f0xx.o
    0x08001164   0x08001164   0x00000040   Code   RO          165    i.TIM14_IRQHandler  timer.o
    0x080011a4   0x080011a4   0x00000168   Code   RO          166    i.TIM16_IRQHandler  timer.o
    0x0800130c   0x0800130c   0x00000268   Code   RO          167    i.TIM17_IRQHandler  timer.o
    0x08001574   0x08001574   0x0000001a   Code   RO          153    i.__ARM_common_switch8  can.o
    0x0800158e   0x0800158e   0x00000002   PAD
    0x08001590   0x08001590   0x00000044   Code   RO            3    i.flash_erase       main.o
    0x080015d4   0x080015d4   0x00000044   Code   RO            4    i.flash_prog_all    main.o
    0x08001618   0x08001618   0x00000064   Code   RO            5    i.main              main.o
    0x0800167c   0x0800167c   0x000000a4   Code   RO          127    i.roll_inputs       can.o
    0x08001720   0x08001720   0x00000020   Data   RO         1283    Region$$Table       anon$$obj.o


    Execution Region ER_RW (Exec base: 0x20000000, Load base: 0x08001740, Size: 0x00000024, Max: 0xffffffff, ABSOLUTE)

    Exec Addr    Load Addr    Size         Type   Attr      Idx    E Section Name        Object

    0x20000000   0x08001740   0x00000004   Data   RW           12    .data               main.o
    0x20000004   0x08001744   0x00000002   Data   RW           13    .data               main.o
    0x20000006   0x08001746   0x00000001   Data   RW           17    .data               main.o
    0x20000007   0x08001747   0x00000001   Data   RW           18    .data               main.o
    0x20000008   0x08001748   0x00000001   Data   RW           19    .data               main.o
    0x20000009   0x08001749   0x00000001   Data   RW           20    .data               main.o
    0x2000000a   0x0800174a   0x00000001   Data   RW           22    .data               main.o
    0x2000000b   0x0800174b   0x00000001   Data   RW           23    .data               main.o
    0x2000000c   0x0800174c   0x00000008   Data   RW           24    .data               main.o
    0x20000014   0x08001754   0x00000008   Data   RW           25    .data               main.o
    0x2000001c   0x0800175c   0x00000003   Data   RW           26    .data               main.o
    0x2000001f   0x0800175f   0x00000003   Data   RW          128    .data               can.o
    0x20000022   0x08001762   0x00000001   Data   RW          169    .data               timer.o


    Execution Region ER_ZI (Exec base: 0x20000024, Load base: 0x08001764, Size: 0x000006a4, Max: 0xffffffff, ABSOLUTE)

    Exec Addr    Load Addr    Size         Type   Attr      Idx    E Section Name        Object

    0x20000024        -       0x00000010   Zero   RW            6    .bss                main.o
    0x20000034        -       0x00000014   Zero   RW            8    .bss                main.o
    0x20000048        -       0x0000000c   Zero   RW            9    .bss                main.o
    0x20000054        -       0x0000000e   Zero   RW           10    .bss                main.o
    0x20000062   0x08001764   0x00000002   PAD
    0x20000064        -       0x00000060   Zero   RW         1156    .bss                c_p.l(libspace.o)
    0x200000c4   0x08001764   0x00000004   PAD
    0x200000c8        -       0x00000200   Zero   RW         1065    HEAP                startup_stm32f042x6.o
    0x200002c8        -       0x00000400   Zero   RW         1064    STACK               startup_stm32f042x6.o


==============================================================================

Image component sizes


      Code (inc. data)   RO Data    RW Data    ZI Data      Debug   Object Name

      1486         90          0          3          0       3174   can.o
       260         14          0          0          0        991   gpio.o
       236         46          0         31         62     189505   main.o
       120          8          0          0          0        847   rcc.o
       116         56        192          0       1536        664   startup_stm32f042x6.o
      1194         18          0          0          0       7554   stm32f0xx_can.o
       176          6          0          0          0       2945   stm32f0xx_gpio.o
        68         34          0          0          0       2150   stm32f0xx_iwdg.o
        80          8          0          0          0        840   stm32f0xx_misc.o
       112         24          0          0          0       2099   stm32f0xx_rcc.o
       156         16          0          0          0       3134   stm32f0xx_spi.o
       248         20          0          0          0       1397   system_stm32f0xx.o
      1196        122          0          1          0       2710   timer.o

    ----------------------------------------------------------------------
      5456        462        224         36       1600     218010   Object Totals
         0          0         32          0          0          0   (incl. Generated)
         8          0          0          1          2          0   (incl. Padding)

    ----------------------------------------------------------------------

      Code (inc. data)   RO Data    RW Data    ZI Data      Debug   Library Member Name

         8          0          0          0          0         68   __main.o
         0          0          0          0          0          0   __rtentry.o
        12          0          0          0          0          0   __rtentry2.o
         6          0          0          0          0          0   __rtentry4.o
        60          8          0          0          0          0   __scatter.o
        26          0          0          0          0          0   __scatter_copy.o
        28          0          0          0          0          0   __scatter_zi.o
        16          0          0          0          0         68   exit.o
         6          0          0          0          0        136   heapauxi.o
         0          0          0          0          0          0   indicate_semi.o
         2          0          0          0          0          0   libinit.o
         2          0          0          0          0          0   libinit2.o
         2          0          0          0          0          0   libshutdown.o
         2          0          0          0          0          0   libshutdown2.o
         8          4          0          0         96         68   libspace.o
         2          0          0          0          0          0   rtexit.o
        10          0          0          0          0          0   rtexit2.o
        12          4          0          0          0         60   sys_exit.o
        62          0          0          0          0         80   sys_stackheap_outer.o
         2          0          0          0          0         68   use_no_semi.o

    ----------------------------------------------------------------------
       272         16          0          0        100        548   Library Totals
         6          0          0          0          4          0   (incl. Padding)

    ----------------------------------------------------------------------

      Code (inc. data)   RO Data    RW Data    ZI Data      Debug   Library Name

       266         16          0          0         96        548   c_p.l

    ----------------------------------------------------------------------
       272         16          0          0        100        548   Library Totals

    ----------------------------------------------------------------------

==============================================================================


      Code (inc. data)   RO Data    RW Data    ZI Data      Debug   

      5728        478        224         36       1700     216530   Grand Totals
      5728        478        224         36       1700     216530   ELF Image Totals
      5728        478        224         36          0          0   ROM Totals

==============================================================================

    Total RO  Size (Code + RO Data)                 5952 (   5.81kB)
    Total RW  Size (RW Data + ZI Data)              1736 (   1.70kB)
    Total ROM Size (Code + RO Data + RW Data)       5988 (   5.85kB)

==============================================================================

